[    0.000000] Initializing cgroup subsys cpuset
[    0.000000] Initializing cgroup subsys cpu
[    0.000000] Initializing cgroup subsys cpuacct
[    0.000000] Linux version 4.4.0-159-generic (buildd@lgw01-amd64-042) (gcc version 5.4.0 20160609 (Ubuntu 5.4.0-6ubuntu1~16.04.10) ) #187-Ubuntu SMP Thu Aug 1 16:28:06 UTC 2019 (Ubuntu 4.4.0-159.187-generic 4.4.185)
[    0.00000] Command line: BOOT_IMAGE=/boot/vmlinuz-4.4.0-159-generic root=LABEL=cloudimg-rootfs ro console=tty1 console=ttyS0
[    0.000000] KERNEL supported cpus:
[    0.000000]   Intel GenuineIntel
[    0.000000]   AMD AuthenticAMD
[    0.000000]   Centaur CentaurHauls
[    0.000000] x86/fpu: Legacy x87 FPU detected.
[    0.000000] e820: BIOS-provided physical RAM map:
[    0.000000] BIOS-e820: [mem 0x0000000000000000-0x000000000009fbff] usable
[    0.000000] BIOS-e820: [mem 0x000000000009fc00-0x000000000009ffff] reserved
[    0.000000] BIOS-e820: [mem 0x00000000000f0000-0x00000000000fffff] reserved
[    0.000000] BIOS-e820: [mem 0x0000000000100000-0x000000003ffeffff] usable
[    0.000000] BIOS-e820: [mem 0x000000003fff0000-0x000000003fffffff] ACPI data
[    0.000000] BIOS-e8220: [mem 0x00000000fec00000-0x00000000fec00fff] reserved
[    0.000000] BIOS-e820: [mem 0x00000000fee00000-0x00000000fee00fff] reserved
[    0.000000] BIOS-e820: [mem 0x00000000fffc0000-0x00000000ffffffff] reserved
[    0.000000] NX (Execute Disable) protection: active
[    0.000000] SMBIOS 2.5 present.
[    0.000000] Hypervisor detected: KVM
[    0.000000] e820: last_pfn = 0x3fff0 max_arch_pfn = 0x400000000
[    0.000000] MTRR: Disabled
[    0.000000] x86/PAT: MTRRs disabled, skipping PAT initialization too.
[    0.000000] CPU MTRRs all blank - virtualized system.
[    0.000000] x86/PAT: Configuration [0-7]: WB  WT  UC- UC  WB  WT  UC- UC  
[    0.000000] found SMP MP-table at [mem 0x0009fff0-0x0009ffff] mapped at [ffff88000009fff0]
[    0.000000] Scanning 1 areas for low memory corruption
[    0.000000] RAMDISK: [mem 0x362f8000-0x37173fff]
[    0.000000] ACPI: Early table checksum verification disabled
[    0.000000] ACPI: RSDP 0x00000000000E0000 000024 (v02 VBOX  )
[    0.000000] ACPI: XSDT 0x00000003FF003 00003C (v01 VBOX   VBOXXSDT 00000001 ASL  00000061)
[    0.000000] ACPI: FACP 0x000000003FFF00F0 0000F4 (v04 VBOX   VBOXFACP 00000001 ASL  00000061)
[    0.000000] ACPI: DSDT 0x000000003FFF0470 0021FF (v02 VBOX   VBOXBIOS 00000002 INTL 20180105)
[    0.000000] ACPI: FACS 0x000000003FFF0200 000040
[    0.000000] ACPI: FACS 0x000000003FFF0200 000040
[    0.000000] ACPI: APIC 0x000000003FFF0240 00005C (v02 VBOX   VBOXAPIC 00000001 ASL  00000061)
[    0.000000] ACPI: SSDT 0x000000003FFF02A0 0001CC (v01 VBOX   VBOXCPUT 00000002 INTL 20180105)
[    0.000000] No NUMA configuration found
[    0.000000] Faking a node at [mem 0x0000000000000000-0x000000003ffeffff]
[    0000000] NODE_DATA(0) allocated [mem 0x3feb000-0x3ffeffff]
[    0.000000] kvm-clock: Using msrs 4b564d01and 4b564d00
[    0.000000] kvm-clock: cpu 0, msr 0:3ffe3001, primary cpu clock
[    0.000000] kvm-clock: using sched offset of 4979474930 cycles
[    0.000000] clocksource: kvm-clock: mask: 0xffffffffffffffff max_cycles: 0x1cd42e4dffb, max_idle_ns: 881590591483 ns
[    0.000000] Zone ranges:
[    0.000000]   DMA      [mem 0x0000000000001000-0x0000000000ffffff]
[    0.000000]   DMA32    [mem 0x0000000001000000-0x000000003ffeffff]
[    0.000000]   Normal   empty
[    0.000000]   Device   empty
[    0.000000] Movable zone start for each node
[    0.000000] Early memory node ranges
[    0.000000]   node   0: [mem 0x0000000000001000-0x000000000009efff]
[    0.000000]   node   0: [mem 0x0000000000100000-0x000000003ffeffff]
[    0.000000] Initmem setup node 0 [mem 0x0000000000001000-0x000000003ffeffff]
[    0.000000] ACPI: PM-Timer IO Port: 0x4008
[    0.000000] IOAPIC[0]: apic_id 2, version 32, address 0xfec00000, GSI 0-23
[    0.000000] ACPI: INT_SRC_OVR (bus 0 bus_irq 0 global_irq 2 dfl dfl)
[    0.000000] ACPI: INT_SRC_OVR (bus 0 bus_irq 9 global_irq 9 low level)
[    0.000000] Using ACPI (MADT) for SMP configuration information
[    0.000000] smpboot: Allowing 2 CPUs, 0 hotplug CPUs
[    0.000000] PM: Registered nosave memory: [mem 0x00000000-0x00000fff]
[    0.000000] PM: Reisteed nosavemery: [mem 0x0009f000-0x0009ffff]
[    0.000000] PM: Registered nosave memory: [mem 0x000a0000-0x000effff]
[    0.000000] PM: Registered nosave memory: [mem 0x000f0000-0x000fffff]
[    0.000000] e820: [mem 0x40000000-0xfebfffff] available for PCI devices
[    0.000000] Booting paravirtualized kernel on KVM
[    0.000000] clocksource: refined-jiffies: mask: 0xffffffff max_cycles: 0xffffffff, max_idle_ns: 7645519600211568 ns
[    0.000000] setup_percpu: NR_CPUS:512 nr_cpumask_bits:512 nr_cpu_ids:2 nr_node_ids:1
[    0.000000] PERCPU: Embedded 34 pages/cpu @ffff88003fc00000 s99544 r8192 d31528 u1048576
[    0.000000] Built 1 zonelists in Node order, mobility grouping on.  Total pages: 257912
[    0.000000] Policy zone: DMA32
[    0.000000] Kernel command line: BOOT_IMAGE=/boot/vmlinuz-4.4.0-159-generic root=LABEL=cloudimg-rootfs ro console=tty1 console=ttyS0
[    0.000000] PID hash table entries: 4096 (order: 3, 32768 bytes)
[    0.000000] Memory: 997724K/1048120K available (8618K kernel code, 1335K rwdata, 4032K rodata, 1488K init, 1284K bss, 50396K reserved, 0K cma-reserved)
[    0.000000] SLUB: HWalign=64, Order=0-3, MinObjects=0, CPUs=2, Nodes=1
[    0.000000] Kernel/User page tables isolation: enabled
[    0.000000] Hierarchical RCU implementation.
[    0.000000] 	Build-time adjustment of leaf fanout to 64.
[    0.000000] 	RCU restricting CPUs from NR_CPUS=512 to nr_cpu_ids=2.
[    0.000000] RCU: Adjusting geometry for rcu_fanout_leaf=64, nr_cpu_ids=2
[    0.000000] NR_IRQS:33024 nr_irqs:440 16
[    0.000000] Console: colour VGA+ 80x25
[    0.000000] console [tty1] enabled
[    0.000000] console [ttyS0] enabled
[    0.000000] tsc: Detected 2992.498 MHz processor
[    2.541427] Calibrating delay loop (skipped) preset value.. 5984.99 BogoMIPS (lpj=11969992)
[    2.556387] pid_max: default: 32768 minimum: 301
[    2.557919] ACPI: Core revision 20150930
[    2.560597] ACPI: 2 ACPI AML tables successfully acquired and loaded
[    2.562739] Security Framework initialized
[    2.616047] Yama: becoming mindful.
[    2.617424] AppArmor: AppArmor initialized
[    2.619003] Dentry cache hash table entries: 131072 (order: 8, 1048576 bytes)
[    2.621643] Inode-cache hash table entries: 65536 (order: 7, 524288 bytes)
[    2.623964] Mount-cache hash table entries: 2048 (order: 2, 16384 bytes)
[    2.625933] Mountpoint-cache hash table entries: 2048 (order: 2, 16384 bytes)
[    2.628799] Initializing cgroup subsys io
[    2.630201] Initializing cgroup subsys memory
[    2.631701] Initializing cgroup subsys devices
[    2.663478] Initializing cgroup subsys freezer
[    2.664979] Initializing cgroup subsys net_cls
[    2.666472] Initializing cgroup subsys perf_event
[    2.668047] Initializing cgroup subsys net_prio
[    2.669550] Initializing cgroup subsys hugetlb
[    2.671044] Initializing cgroup subsys pids
[    2.672618] mce: CPU supports 0 MCE banks
[    2.674059] Last level iTLB entries: 4KB 128, 2MB 4, 4MB 4
[    2.675794] Last level dTLB entries: 4KB 256, 2MB 0, 4MB 32, 1GB 0
[    2.677650] Spectre V1 : Mitigation: usercopy/swapgs barriers and __user pointer sanitization
[    2.680492] Spectre V2 : Mitigation: Full generic retpoline
[    2.682214] Spectre V2 : Spectre v2 / SpectreRSB mitigation: Filling RSB on context switch
[    2.703986] Speculative Store Bypass: Vulnerable
[    2.714800] MDS: Vulnerable: Clear CPU buffers attempted, no microcode
[    2.729073] Freeing SMP alternatives memory: 36K
[    2.738192] ftrace: allocating 32318 entries in 127 pages
[    2.808432] smpboot: APIC(0) Converting physical 0 to logical package 0
[    2.880669] smpboot: Max logical packages: 1
[    2.940330] x2apic enabled
[    2.941990] Switched APIC routing to physical x2apic.
[    2.946048] ..TIMER: vector=0x30 apic1=0 pin1=2 apic2=-1 pin2=-1
[    3.055054] smpboot: CPU0: Intel(R) Core(TM)2 Duo CPU     E8400  @ 3.00GHz (family: 0x6, model: 0x17, stepping: 0xa)
[    3.058609] Performance Events: unsupported p6 CPU model 23 no PMU driver, software events only.
[    3.161380] KVM setup paravirtual spinlock
[    3.164457] x86: Booting SMP configuration:
[    3.165884] .... node  #0, CPUs:      #1
[    3.167247] kvm-clock: cpu 1, msr 0:3ffe3041, secondary cpu clock
[    3.180286] mce: CPU supports 0 MCE banks
[    3.183452] x86: Booted up 1 node, 2 CPUs
[    3.185310] smpboot: Total of 2 processors activated (11969.99 BogoMIPS)
[    3.187895] devtmpfs: initialized
[    3.191605] evm: security.selinux
[    3.198058] evm: security.SMACK64
[    3.199353] evm: security.SMACK64EXEC
[    3.200676] evm: security.SMACK64TRANSMUTE
[    3.202086] evm: security.SMACK64MMAP
[    3.203429] evm: security.ima
[    3.209753] evm: security.capability
[    3.211324] clocksource: jiffies: mask: 0xffffffff max_cycles: 0xffffffff, max_idle_ns: 7645041785100000 ns
[    3.214477] futex hash table entries: 512 (order: 3, 32768 bytes)
[    3.216518] pinctrl core: initialized pinctrl subsystem
[    3.218368] RTC time: 15:42:55, date: 08/23/19
[    3.220315] NET: Registered protocol family 16
[    3.231862] cpuidle: using governor ladder
[    3.242850] cpuidle: using governor menu
[    3.244294] PCCT header not found.
[    3.245612] ACPI: bus type PCI registered
[    3.247028] acpiphp: ACPI Hot Plug PCI Controller Driver version: 0.5
[    3.272322] PCI: Using configuration type 1 for base access
[    3.283940] ACPI: Added _OSI(Module Device)
[    3.290695] ACPI: Added _OSI(Processor Device)
[    3.329911] ACPI: Added _OSI(3.0 _SCP Extensions)
[    3.331469] ACPI: Added _OSI(Processor Aggregator Device)
[    3.333992] ACPI: Executed 1 blocks of module-level executable AML code
[    3.338583] ACPI: Interpreter enabled
[    3.339928] ACPI: (supports S0 S5)
[    3.341225] ACPI: Using IOAPIC for interrupt routing
[    3.343017] PCI: Using host bridge windows from ACPI; if necessary, use "pci=nocrs" and report a bug
[    3.350546] ACPI: PCI Root Bridge [PCI0] (domain 0000 [bus 00-ff])
[    3.373721] acpi PNP0A03:00: _OSC: OS supports [ASPM ClockPM Segments MSI]
[    3.408634] acpi PNP0A03:00: _OSC: not requesting OS control; OS requires [ExtendedConfig ASPM ClockPM MSI]
[    3.411728] acpi PNP0A03:00: fail to add MMCONFIG information, can't access extended PCI configuration space under this bridge.
[    3.513588] PCI host bridge to bus 0000:00
[    3.566577] pci_bus 0000:00: root bus resource [io  0x0000-0x0cf7 window]
[    3.568578] pci_bus 0000:00: root bus resource [io  0x0d00-0xffff window]
[    3.570557] pci_bus 0000:00: root bus resource [mem 0x000a0000-0x000bffff window]
[    3.573166] pci_bus 0000:00: root bus resource [mem 0x40000000-0xfdffffff window]
[    3.575765] pci_bus 0000:00: root bus resource [bus 00-ff]
[    3.586197] pci 0000:00:01.1: legacy IDE quirk: reg 0x10: [io  0x01f0-0x01f7]
[    3.685654] pci 0000:00:01.1: legacy IDE quirk: reg 0x14: [io  0x03f6]
[    3.774443] pci 0000:00:01.1: legacy IDE quirk: reg 0x18: [io  0x0170-0x0177]
[    3.776517] pci 0000:00:01.1: legacy IDE quirk: reg 0x1c: [io  0x0376]
[    3.802334] pci 0000:00:07.0: quirk: [io  0x4000-0x403f] claimed by PIIX4 ACPI
[    3.811229] pci 0000:00:07.0: quirk: [io  0x4100-0x410f] claimed by PIIX4 SMB
[    3.827208] ACPI: PCI Interrupt Link [LNKA] (IRQs 5 9 10 *11)
[    3.831147] ACPI: PCI Interrupt Link [LNKB] (IRQs 5 9 *10 11)
[    3.833610] ACPI: PCI Interrupt Link [LNKC] (IRQs 5 *9 10 11)
[    3.858442] ACPI: PCI Interrupt Link [LNKD] (IRQs 5 9 10 *11)
[    3.866312] ACPI: Enabled 2 GPEs in block 00 to 07
[    3.868991] vgaarb: setting as boot device: PCI:0000:00:02.0
[    3.870745] vgaarb: device added: PCI:0000:00:02.0,decodes=io+mem,owns=io+mem,locks=none
[    3.873497] vgaarb: loaded
[    3.874612] vgaarb: bridge control possible 0000:00:02.0
[    3.876959] SCSI subsystem initialized
[    3.878744] ACPI: bus type USB registered
[    3.880220] usbcore: registered new interface driver usbfs
[    3.883042] usbcore: registered new interface driver hub
[    3.884755] usbcore: registered new device driver usb
[    3.891031] PCI: Using ACPI for IRQ routing
[    3.974902] NetLabel: Initializing
[    4.023809] NetLabel:  domain hash size = 128
[    4.082924] NetLabel:  protocols = UNLABELED CIPSOv4
[    4.154403] NetLabel:  unlabeled traffic allowed by default
[    4.156610] amd_nb: Cannot enumerate AMD northbridges
[    4.188753] clocksource: Switched to clocksource kvm-clock
[    4.223143] AppArmor: AppArmor Filesystem Enabled
[    4.234011] pnp: PnP ACPI init
[    4.236291] pnp: PnP ACPI: found 3 devices
[    4.249454] closource: acpi_pm: mask: 0xffffff max_cycles: ffffff, max_idle_ns: 2085701024 ns
[    4.374857] NET: Registered protocol family 2

[    4.377066] TCP established hash table entries: 8192 (order: 4, 65536 bytes)
[    4.379281] TCP bind hash table entries: 8192 (order: 5, 131072 bytes)
[    4.381361] TCP: Hash tables configured (established 8192 bind 8192)
[    4.383436] UDP hash table entries: 512 (order: 2, 16384 bytes)
[    4.385369] UDP-Lite hash table entries: 512 (order: 2, 16384 bytes)
[    4.387472] NET: Registered protocol family 1
[    4.389051] pci 0000:00:00.0: Limiting direct PCI/PCI transfers
[    4.390972] pci 0000:00:01.0: Activating ISA DMA hang workarounds
[    4.393180] Unpacking initramfs...
[  4.642164] Freeing initrd memory: 1483K
[    4.754049] clocksource: tsc: mask: 0xffffffffffffffff max_cycles: 0x2b2296bc2b9, max_idle_ns: 440795321505 ns
[    4.762536] platform rtc_cmos: registered platform RTC device (no PNP device found)
[    4.765306] Scanning for low memory corruption every 60 seconds
[    4.774879] audit: initializing netlink subsys (disabled)
[    4.776638] audit: type=2000 audit(1566574980.025:1): initialized
[    4.778952] Initialise system trusted keyring
[    4.786023] HugeTLB registered 2 MB page size, pre-allocated 0 pages
[    4.789823] zbud: loaded
[    4.791319] VFS: Disk quotas dquot_6.6.0
[    4.792779] VFS: Dquot-cache hash table entries: 512 (order 0, 4096 bytes)
[    4.795146] squashfs: version 4.0 (2009/01/31) Phillip Lougher
[    4.797344] fuse init (API version 7.23)
[    4.798987] Key type big_key registered
[    4.800376] Allocating IMA MOK and blacklist keyrings.
[    4.803386] Key type asymmetric registered
[    4.810182] Asymmetric key parser 'x509' registered
[    4.811820] Block layer SCSI generic (bsg) driver version 0.4 loaded (major 249)
[    4.819947] io scheduler noop registered
[    4.821420] io scheduler deadline registered (default)
[    4.823204] io scheduler cfq registered
[    4.824804] pci_hotplug: PCI Hot Plug PCI Core version: 0.5
[    4.826675] pciehp: PCI Express Hot Plug Controller Driver version: 0.4
[    4.828943] ACPI: AC Adapter [AC] (on-line)
[    4.830539] input: Power Button as /devices/LNXSYSTM:00/LNXPWRBN:00/input/input0
[    4.859498] ACPI: Power Button [PWRF]
[    4.869711] input: Sleep Button as /devices/LNXSYSTM:00/LNXSLPBN:00/input/input1
[    4.872431] ACPI: Sleep Button [SLPF]
[    4.897922] GHES: HEST is not enabled!
[    4.907745] Serial: 8250/16550 driver, 32 ports, IRQ sharing enabled
[    4.932797] 00:02: ttyS0 at I/O 0x3f8 (irq = 4, base_baud = 115200) is a 16550A
[    4.945065] Linux agpgart interface v0.103
[    4.953401] loop: module loaded
[    4.955975] scsi host0: ata_piix
[    4.957523] scsi host1: ata_piix
[    4.958861] ata1: PATA max UDMA/33 cmd 0x1f0 ctl 0x3f6 bmdma 0xd000 irq 14
[    4.962901] ata2: PATA max UDMA/33 cmd 0x170 ctl 0x376 bmdma 0xd008 irq 15
[    4.965196] libphy: Fixed MDIO Bus: probed
[    4.966788] tun: Universal TUN/TAP device driver, 1.6
[    4.968544] tun: (C) 1999-2004 Max Krasnyansky <maxk@qualcomm.com>
[    4.970640] PPP generic driver version 2.4.2
[    4.972360] ehci_hcd: USB 2.0 'Enhanced' Host Controller (EHCI) Driver
[    4.974448] ehci-pci: EHCI PCI platform driver
[    4.976029] ehci-platform: EHCI generic platform driver
[    4.985749] ohci_hcd: USB 1.1 'Open' Host Controller (OHCI) Driver
[    5.079602] ohci-pci: OHCI PCI platform driver
[    5.183106] ohci-platform: OHCI generic platform driver
[    5.184897] uhci_hcd: USB Universal Host Controller Interface driver
[    5.187001] i8042: PNP: PS/2 Controller [PNP0303:PS2K,PNP0f03:PS2M] at 0x60,0x64 irq 1,12
[    5.289947] serio: i8042 KBD port at 0x60,0x64 irq 1
[    5.291582] serio: i8042 AUX port at 0x60,0x64 irq 12
[    5.293464] mousedev: PS/2 mouse device common for all mice
[    5.295962] rtc_cmos rtc_cmos: rtc core: registered rtc_cmos as rtc0
[    5.298002] input: AT Translated Set 2 keyboard as /devices/platform/i8042/serio0/input/input2
[    5.301144] rtc_cmos rtc_cmos: alarms up to one day, 114 bytes nvram
[    5.303097] i2c /dev entries driver
[    5.304490] device-mapper: uevent: version 1.0.3
[    5.306141] device-mapper: ioctl: 4.34.0-ioctl (2015-10-28) initialised: dm-devel@redhat.com
[    5.308992] ledtrig-cpu: registered to indicate activity on CPUs
[    5.311619] NET: Registered protocol family 10
[    5.313850] NET: Registered protocol family 17
[    5.315377] Key type dns_resolver registered
[    5.317162] registered taskstats version 1
[    5.413778] Loading compiled-in X.509 certificates
[    5.416383] Loaded X.509 cert 'Build time autogenerated kernel key: d14182f9795b80ec340f636a5a08bf5817ccd8e7'
[    5.435492] zswap: loaded using pool lzo/zbud
[    5.486910] Key type trusted registered
[    5.513849] Key type encrypted registered
[    5.515315] AppArmor: AppArmor sha1 policy hashing enabled
[    5.517097] ima: No TPM chip found, activating TPM-bypass!
[    5.518923] ima: Allocated hash algorithm: sha1
[    5.520516] evm: HMAC attrs: 0x1
[    5.523674]   Magic number: 15:17:741
[    5.525095] workqueue writeback: hash matches
[    5.526749] rtc_cmos rtc_cmos: setting system clock to 2019-08-23 15:42:57 UTC (1566574977)
[    5.529818] BIOS EDD facility v0.16 2004-Jun-25, 0 devices found
[    5.531710] EDD information not available.
[    5.538697] Freeing unused kernel memory: 1488K
[    5.556816] Write protecting the kernel read-only data: 14336k
[    5.572452] Freeing unused kernel memory: 1608K
[    5.574349] Freeing unused kernel memory: 64K
Loading, please wait...
starting version 229
[    5.717770] random: systemd-udevd: uninitialized urandom read (16 bytes read, 2 bits of entropy available)
[    5.724677] random: systemd-udevd: uninitialized urandom read (16 bytes read, 2 bits of entropy available)
[    5.730294] random: udevadm: uninitialized urandom read (16 bytes read, 2 bits of entropy available)
[    5.730502] random: udevadm: uninitialized urandom read (16 bytes read, 2 bits of entropy available)
[    5.740110] random: systemd-udevd: uninitialized urandom read (16 bytes read, 2 bits of entropy available)
[    5.745274] random: systemd-udevd: uninitialized urandom read (16 bytes read, 2 bits of entropy available)
[    5.779679] random: systemd-udevd: uninitialized urandom read (16 bytes read, 2 bits of entropy available)
[    5.784673] random: systemd-udevd: uninitialized urandom read (16 bytes read, 2 bits of entropy available)
[    5.789738] random: systemd-udevd: uninitialized urandom read (16 bytes read, 2 bits of entropy available)
[    5.801384] random: systemd-udevd: uninitialized urandom read (16 bytes read, 2 bits of entropy available)
[    6.193125] e1000: Intel(R) PRO/1000 Network Driver - version 7.3.21-k8-NAPI
[    6.200260] e1000: Copyright (c) 1999-2006 Intel Corporation.
[    6.210859] Fusion MPT base driver 3.04.20
[    6.215474] Copyright (c) 1999-2008 LSI Corporation
[    6.246692] Fusion MPT SPI Host driver 3.04.20
[    6.445567] input: ImExPS/2 Generic Explorer Mouse as /devices/platform/i8042/serio1/input/input4
[    6.768815] e1000 0000:00:03.0 eth0: (PCI:33MHz:32-bit) 02:6a:5b:40:72:6f
[    6.771996] e1000 0000:00:03.0 eth0: Intel(R) PRO/1000 Network Connection
[    6.778964] mptbase: ioc0: Initiating bringup
[    6.779345] e1000 0000:00:03.0 enp0s3: renamed from eth0
[    6.849191] ioc0: LSI53C1030 A0: Capabilities={Initiator}
[    7.014668] scsi host2: ioc0: LSI53C1030 A0, FwRev=00000000h, Ports=1, MaxQ=256, IRQ=20
[    7.129944] scsi 2:0:0:0: Direct-Access     VBOX     HARDDISK         1.0  PQ: 0 ANSI: 5
[    7.132896] scsi target2:0:0: Beginning Domain Validation
[    7.136362] scsi target2:0:0: Domain Validation skipping write tests
[    7.138347] scsi target2:0:0: Ending Domain Validation
[    7.140112] scsi target2:0:0: asynchronous
[    7.142278] scsi 2:0:1:0: Direct-Access     VBOX     HARDDISK         1.0  PQ: 0 ANSI: 5
[    7.145151] scsi target2:0:1: Beginning Domain Validation
[    7.148605] scsi target2:0:1: Domain Validation skipping write tests
[    7.150610] scsi target2:0:1: Ending Domain Validation
[    7.152445] scsi target2:0:1: asynchronous
[    7.163318] sd 2:0:0:0: Attached scsi generic sg0 type 0
[    7.165232] sd 2:0:0:0: [sda] 20971520 512-byte logical blocks: (10.7 GB/10.0 GiB)
[    7.169457] sd 2:0:0:0: [sda] Write Protect is off
[    7.169587] sd 2:0:1:0: Attached scsi generic sg1 type 0
[    7.173324] sd 2:0:0:0: [sda] Incomplete mode parameter data
[    7.174316] sd 2:0:1:0: [sdb] 20480 512-byte logical blocks: (10.5 MB/10.0 MiB)
[    7.202206] sd 2:0:0:0: [sda] Assuming drive cache: write through
[    7.204255] sd 2:0:1:0: [sdb] Write Protect is off
[    7.206537] sd 2:0:1:0: [sdb] Incomplete mode parameter data
[    7.213844] sd 2:0:1:0: [sdb] Assuming drive cache: write through
[    7.222145]  sda: sda1
[    7.240641] sd 2:0:0:0: [sda] Attached SCSI disk
[    7.297195] sd 2:0:1:0: [sdb] Attached SCSI disk
Begin: Loading essential drivers[    9.710754] md: linear personality registered for level -1
 ... [    9.799674] md: multipath personality registered for level -4
[    9.827131] md: raid0 personality registered for level 0
[    9.863128] md: raid1 personality registered for level 1
[    9.982391] raid6: sse2x1   gen()  5372 MB/s
[   10.082387] raid6: sse2x1   xor()  5158 MB/s
[   10.182386] raid6: sse2x2   gen()  5821 MB/s
[   10.262399] raid6: sse2x2   xor()  6233 MB/s
[   10.342388] raid6: sse2x4   gen()  8895 MB/s
[   10.422390] raid6: sse2x4   xor()  6936 MB/s
[   10.423952] raid6: using algorithm sse2x4 gen() 8895 MB/s
[   10.426259] raid6: .... xor() 6936 MB/s, rmw enabled
[   10.427930] raid6: using ssse3x2 recovery algorithm
[   10.431705] xor: measuring software checksum speed
[   10.542519]    prefetch64-sse: 28683.000 MB/sec
[   10.652402]    generic_sse: 44999.000 MB/sec
[   10.763465] xor: using function: generic_sse (44999.000 MB/sec)
[   10.768839] async_tx: api initialized (async)
[   10.891784] md: raid6 personality registered for level 6
[   10.913303] md: raid5 personality registered for level 5
[   10.965987] md: raid4 personality registered for level 4
[   11.039743] md: raid10 personality registered for level 10
done.
Begin: Running /scripts/init-premount ... done.
Begin: Mounting root file system ... Begin: Running /scripts/local-top ... done.
Begin: Running /scripts/local-premount ... [   11.236847] Btrfs loaded
Scanning for Btrfs filesystems
done.
Warning: fsck not present, so skipping root file system
[   11.466758] EXT4-fs (sda1): mounted filesystem with ordered data mode. Opts: (null)
done.
Begin: Running /scripts/local-bottom ... done.
Begin: Running /scripts/init-bottom ... done.
[   12.259390] systemd[1]: systemd 229 running in system mode. (+PAM +AUDIT +SELINUX +IMA +APPARMOR +SMACK +SYSVINIT +UTMP +LIBCRYPTSETUP +GCRYPT +GNUTLS +ACL +XZ -LZ4 +SECCOMP +BLKID +ELFUTILS +KMOD -IDN)
[   12.270901] systemd[1]: Detected virtualization oracle.
[   12.272715] systemd[1]: Detected architecture x86-64.

Welcome to [1mUbuntu 16.04.6 LTS[0m!

[   12.291938] systemd[1]: Set hostname to <ubuntu>.
[   12.315410] systemd[1]: Initializing machine ID from random generator.
[   12.317624] systemd[1]: Installed transient /etc/machine-id file.
[   12.470476] random: nonblocking pool is initialized
[   13.277740] systemd[1]: Set up automount Arbitrary Executable File Formats File System Automount Point.
[[0;32m  OK  [0m] Set up automount Arbitrary Executab...ats File System Automount Point.
[   13.419911] systemd[1]: Created slice User and Session Slice.
[[0;32m  OK  [0m] Created slice User and Session Slice.
[   13.427052] systemd[1]: Started Forward Password Requests to Wall Directory Watch.
[[0;32m  OK  [0m] Started Forward Password Requests to Wall Directory Watch.
[   13.432000] systemd[1]: Listening on Device-mapper event daemon FIFOs.
[[0;32m  OK  [0m] Listening on Device-mapper event daemon FIFOs.
[   13.471250] systemd[1]: Listening on LVM2 poll daemon socket.
[[0;32m  OK  [0m] Listening on LVM2 poll daemon socket.
[   13.475026] systemd[1]: Listening on /dev/initctl Compatibility Named Pipe.
[[0;32m  OK  [0m] Listening on /dev/initctl Compatibility Named Pipe.
[   13.479070] systemd[1]: Reached target System Time Synchronized.
[[0;32m  OK  [0m] Reached target System Time Synchronized.
[   13.489196] systemd[1]: Started Trigger resolvconf update for networkd DNS.
[[0;32m  OK  [0m] Started Trigger resolvconf update for networkd DNS.
[   13.501755] systemd[1]: Reached target User and Group Name Lookups.
[[0;32m  OK  [0m] Reached target User and Group Name Lookups.
[   13.574350] systemd[1]: Reached target Swap.
[[0;32m  OK  [0m] Reached target Swap.
[   13.577671] systemd[1]: Listening on Journal Audit Socket.
[[0;32m  OK  [0m] Listening on Journal Audit Socket.
[   13.581284] systemd[1]: Listening on udev Kernel Socket.
[[0;32m  OK  [0m] Listening on udev Kernel Socket.
[   13.584889] systemd[1]: Listening on udev Control Socket.
[[0;32m  OK  [0m] Listening on udev Control Socket.
[   13.588532] systemd[1]: Listening on Syslog Socket.
[[0;32m  OK  [0m] Listening on Syslog Socket.
[   13.592805] systemd[1]: Created slice System Slice.
[[0;32m  OK  [0m] Created slice System Slice.
[   13.597145] systemd[1]: Created slice system-serial\x2dgetty.slice.
[[0;32m  OK  [0m] Created slice system-serial\x2dgetty.slice.
[   13.601067] systemd[1]: Listening on LVMmetadata daemon socket.
[[0;32m  OK  [0m] Listening on LVM2 metadata daemon socket.
[   13.664008] systemd[1]: Reached target Encrypted Volumes.
[[0;32m  OK  [0m] Reached target Encrypted Volumes.
[   13.667739] systemd[1]: Listening on Journal Socket.
[[0;32m  OK  [0m] Listening on Journal Socket.

[   13.693302] systemd[1]: Mounting Debug File System...
         Mounting Debug File System...
[   13.702802] systemd[1]: Mounting Huge Pages File System...
         Mounting Huge Pages File System...
[   13.762030] systemd[1]: Starting Nameserver information manager...
         Starting Nameserver information manager...
[   13.808076] systemd[1]: Starting Set console keymap...
         Starting Set console keymap...
[   13.838339] systemd[1]: Mounting POSIX Message Queue File System...
         Mounting POSIX Message Queue File System...
[   13.995288] systemd[1]: Starting Load Kernel Modules...
         Starting Load Kernel Modules...
[   14.013449] systemd[1]: Starting Monitoring of LVM2 mirrors, snapshots etc. using dmeventd or progress polling...
         Starting Monitoring of LVM2 mirrors... dmeventd or progress polling...
[   14.054347] systemd[1]: Starting Remount Root and Kernel File Systems...
         Starting Remount Root and Kernel File Systems...
[   14.066331] systemd[1]: Listening on Journal Socket (/dev/log).
[[0;32m  OK  [0m] Listening on Journal Socket (/dev/log).
[   14.101990] systemd[1]: Starting Journal Service...
         Starting Journal Service...
[   14.113581] EXT4-fs (sda1): re-mounted. Opts: (null)
[   14.157585] Loading iSCSI transport class v2.0-870.
[   14.162157] systemd[1]: Starting Uncomplicated firewall...
         Starting Uncomplicated firewall...
[   14.234389] systemd[1]: Starting Create list of required static device nodes for the current kernel...
         Starting Create list of required st... nodes for the current kernel...
[   14.269851] systemd[1]: Reached target Slices.
[[0;32m  OK  [0m] Reached target Slices.
[   14.315898] systemd[1]: Mounted Huge Pages File System.
[[0;32m  OK  [0m] Mounted Huge Pages File System.
[   14.323141] systemd[1]: Mounted POSIX Message Queue File System.
[[0;32m  OK  [0m] Mounted POSIX Message Queue File System.
[   14.332823] systemd[1]: Mounted Debug File System.
[[0;32m  OK  [0m] Mounted Debug File System.
[   14.341923] iscsi: registered transport (tcp)
[   14.392804] systemd[1]: Started Set console keymap.
[[0;32m  OK  [0m] Started Set console keymap.
[   14.420003] systemd[1]: Started Remount Root and Kernel File Systems.
[[0;32m  OK  [0m] Started Remount Root and Kernel File Systems.
[   14.439917] systemd[1]: Started Uncomplicated firewall.
[[0;32m  OK  [0m] Started Uncomplicated firewall.
[   14.452182] systemd[1]: Started Create list of required static device nodes for the current kernel.
[[0;32m  OK  [0m] Started Create list of required sta...ce nodes for the current kernel.
[   14.486083] systemd[1]: Started Nameserver information manager.
[[0;32m  OK  [0m] Started Nameserver information manager.
[   14.517869] systemd[1]: Started Journal Service.
[[0;32m  OK  [0m] Started Journal Service.
[   14.617629] iscsi: registered transport (iser)
[[0;32m  OK  [0m] Started Load Kernel Modules.
         Starting Apply Kernel Variables...
         Mounting FUSE Control File System...
[[0;32m  OK  [0m] Started LVM2 metadata daemon.
         Starting Create Static Device Nodes in /dev...
         Starting udev Coldplug all Devices...
         Starting Load/Save Random Seed...
         Starting Flush Journal to Persistent Storage...
[[0;32m  OK  [0m] Mounted FUSE Control File System.
[[0;32m  OK  [0m] Started Apply Kernel Variables.
[[0;32m  OK  [0m] Started Load/Save Random Seed.
[[0;32m  OK  [0m] Started Create Static Device Nodes in /dev.
         Starting udev Kernel Device Manager...
[[0;32m  OK  [0m] Started Flush Journal to Persistent Storage.
[[0;32m  OK  [0m] Started Monitoring of LVM2 mirrors,...ng dmeventd or progress polling.
[[0;32m  OK  [0m] Reached target Local File Systems (Pre).
[[0;32m  OK  [0m] Reached target Local File Systems.
         Starting Tell Plymouth To Write Out Runtime Data...
         Starting Commit a transient machine-id on disk...
         Starting Set console font and keymap...
         Starting Initial cloud-init job (pre-networking)...
         Starting LSB: AppArmor initialization...
         Starting Create Volatile Files and Directories...
[[0;32m  OK  [0m] Started Tell Plymouth To Write Out Runtime Data.
[[0;32m  OK  [0m] Started udev Coldplug all Devices.
[[0;32m  OK  [0m] Started Commit a transient machine-id on disk.
[[0;32m  OK  [0m] Started Create Volatile Files and Directories.
         Starting Update UTMP about System Boot/Shutdown...
[[0;32m  OK  [0m] Started udev Kernel Device Manager.
[[0;32m  OK  [0m] Started Dispatch Password Requests to Console Directory Watch.
[[0;32m  OK  [0m] Started Update UTMP about System Boot/Shutdown.
[[0;32m  OK  [0m] Found device /dev/ttyS0.
[[0;32m  OK  [0m] Listening on Load/Save RF Kill Switch Status /dev/rfkill Watch.
[[0;32m  OK  [0m] Started LSB: AppArmor initialization.
[   18.658928] cloud-init[459]: Cloud-init v. 19.1-1-gbaa47854-0ubuntu1~16.04.1 running 'init-local' at Fri, 23 Aug 2019 15:43:12 +0000. Up 17.01 seconds.
[[0;32m  OK  [0m] Started Initial cloud-init job (pre-networking).
[[0;32m  OK  [0m] Reached target Network (Pre).
         Starting Raise network interfaces...
[[0;32m  OK  [0m] Started Set console font and keymap.
[[0;32m  OK  [0m] Created slice system-getty.slice.
[[0;32m  OK  [0m] Started Raise network interfaces.
         Starting Initial cloud-init job (metadata service crawler)...
[[0;32m  OK  [0m] Reached target Network.
[   24.880338] cloud-init[941]: Cloud-init v. 19.1-1-gbaa47854-0ubuntu1~16.04.1 running 'init' at Fri, 23 Aug 2019 15:43:17 +0000. Up 21.79 seconds.
[   24.885880] cloud-init[941]: ci-info: ++++++++++++++++++++++++++++++++++++++Net device info++++++++++++++++++++++++++++++++++++++
[   25.042812] cloud-init[941]: ci-info: +--------+------+----------------------------+---------------+--------+-------------------+
[   25.067113] cloud-init[941]: ci-info: | Device |  Up  |          Address           |      Mask     | Scope  |     Hw-Address    |
[   25.098998] cloud-init[941]: ci-info: +--------+------+----------------------------+---------------+--------+-------------------+
[   25.111098] cloud-init[941]: ci-info: | enp0s3 | True |         10.0.2.15          | 255.255.255.0 | global | 02:6a:5b:40:72:6f |
[   25.123167] cloud-init[941]: ci-info: | enp0s3 | True | fe80::6a:5bff:fe40:726f/64 |       .       |  link  | 02:6a:5b:40:72:6f |
[   25.138790] cloud-init[941]: ci-info: |   lo   | True |         127.0.0.1          |   255.0.0.0   |  host  |         .         |
[   25.151873] cloud-init[941]: ci-info: |   lo   | True |          ::1/128           |       .       |  host  |         .         |
[   25.160151] cloud-init[941]: ci-info: +--------+------+----------------------------+---------------+--------+-------------------+
[   25.186514] cloud-init[941]: ci-info: +++++++++++++++++++++++++++Route IPv4 info++++++++++++++++++++++++++++
[[   25.218850] cloud-init[941]: ci-info: +-------+-------------+----------+---------------+-----------+-------+
[   25.219667] cloud-init[941]: ci-info: | Route | Destination | Gateway  |    Genmask    | Interface | Flags |
[0;32m  OK  [0m] Started Initial cloud-init job (metadata service crawler).
[[0;32m  OK  [0m] Reached target Cloud-config availability.
[[0;32m  OK  [0m] Reached target System Initialization.
[   25.222650] cloud-init[941]: ci-info: +-------+-------------+----------+---------------+-----------+-------+
[[0;32m  OK  [0m] Started Daily Cleanup of Temporary Directories.
[   25.287204] cloud-init[941]: ci-info: |   0   |   0.0.0.0   | 10.0.2.2 |    0.0.0.0    |   enp0s3  |   UG  |
[   25.424657] cloud-init[941]: ci-info: |   1   |   10.0.2.0  | 0.0.0.0  | 255.255.255.0 |   enp0s3  |   U   |
[   25.532696] cloud-init[941]: ci-info: +-------+-------------+----------+---------------+-----------+-------+
[[0;32m  OK  [0m] Started Daily apt download activities.
[[0;32m  OK  [0m] Listening on ACPID Listen Socket.[   25.650391] 
cloud-init[941]: ci-info: +++++++++++++++++++Route IPv6 info+++++++++++++++++++
[   25.760188] cloud-init[941]: ci-info: +-------+-------------+---------+-----------+-------+
[[0;32m  OK  [0m] Started ACPI Events Check.
[   25.760514] cloud-init[941]: ci-info: | Route | Destination | Gateway | Interface | Flags |
[   25.848628] cloud-init[941]: ci-info: +-------+-------------+---------+-----------+-------+
[   25.853183] cloud-init[941]: ci-info: |   0   |  fe80::/64  |    ::   |   enp0s3  |   U   |
[[0;32m  OK  [0m] Reached target Paths.
[[0;32m  OK  [0m] Listening on UUID daemon activation socket.
[   25.918442] cloud-init[941]: ci-info: |   4   |   ff00::/8  |    ::   |   enp0s3  |   U   |
[   25.954371] cloud-init[941]: ci-info: +-------+-------------+---------+-----------+-------+
[[   26.036865] cloud-init[941]: Generating public/private rsa key pair.
[0;32m  OK  [0m] Started Daily apt upgrade and clean activities.
[   26.037216] cloud-init[941]: Your identification has been saved in /etc/ssh/ssh_host_rsa_key.
[[0;32m  OK  [0m] Reached target Timers.
[   26.089181] cloud-init[941]: Your public key has been saved in /etc/ssh/ssh_host_rsa_key.pub.
         [   26.229233] Starting Socket activation for snappy daemon.cloud-init
[941]: The key fingerprint is:
[   26.276491] cloud-init[941]: SHA256:9nCTfBl2lxcP2Ei9uM6y2ukJQg5D3C8+8KMPQx92UYU root@ubuntu-xenial
         Starting LXD - unix socket.
[   26.278633] cloud-init[941]: The key's randomart image is:
[   26.404572] cloud-init[941]: +---[RSA 2048]----+
[[0;32m  OK  [0m] Listening on D-Bus System Message Bus Socket.
[   26.405028] cloud-init[941]: |          .+o=.. |
[[0;32m  OK  [0m] Reached target Network is Online.
[   26.577052] cloud-init[941]: |   . .   .E o o.+|
[   26.700418] cloud-init[941]: |    o . .   o..o+|
         Starting iSCSI initiator daemon (iscsid)...
[   26.713759] cloud-init[941]: |   .   . o o.+...|
[   26.727771] cloud-init[941]: |    = = S = o.   |
[[0;32m  OK  [0m] Listening on Socket activation for snappy daemon.
[   26.728593] cloud-init[941]: |   . @ = + o.    |
[[0;32m  OK  [0m] Listening on LXD - unix socket.
[   26.782286] cloud-init[941]: |    o O . .o     |
[   26.813671] cloud-init[941]: |     + + o.oo    |
[   26.821588] cloud-init[941]: |    ... .o*o     |
[   26.828341] cloud-init[941]: +----[SHA256]-----+
[   26.848810] cloud-init[941]: Generating public/private dsa key pair.
[   26.869553] [[0;32m  OK  [0m] Reached target Sockets.
[[0;32m  OK  [0m] Reached target Basic System.
cloud-init[941]: Your identification has been saved in /etc/ssh/ssh_host_dsa_key.
[   26.905052] cloud-init[941]: Your public key has been saved in /etc/ssh/ssh_host_dsa_key.pub.
[   26.912071] cloud-init[941]: The key fingerprint is:
[   26.915861] cloud-init[941]: SHA256:T0Y5ogBBz1kZW+z9Xmy1OfRaJS30ZG8U4k4X/1lDqbI root@ubuntu-xenial
         Starting Login Service...
[   26.952778] cloud-init[941]: The key's randomart image is:
[   27.009637] cloud-init[941]: +---[DSA 1024]----+
[   27.013445] cloud-init[941]: | .+.  o+.    . +o|
[   27.018056] cloud-init[941]: |   + o.o.  .. +.*|
[[0;32m  OK  [0m] Started ACPI event daemon.
[   27.023236] cloud-init[941]: |    = ....+  +.O+|
[   27.036078] cloud-init[941]: |     . ..o.oo.+.%|
[   27.051220] cloud-init[941]: |      . S o.oo.**|         Starting LSB: Record successful boot for GRUB...

[   27.099045] cloud-init[941]: |         + E. ++o|
[[0;32m  OK  [0m] Started Deferred execution scheduler.
[   27.178660] cloud-init[941]: |          .. o o.|
[   27.205740] cloud-init[941]: |            . .  |
         Starting Virtualbox guest utils...
[   27.230586] cloud-init[941]: |                 |
[   27.290036] cloud-init[941]: +----[SHA256]-----+
[   27.301788] cloud-init[941]: Generating public/private ecdsa key pair.
[   27.311114] cloud-init[941]: Your identification has been saved in /etc/ssh/ssh_host_ecdsa_key.
[   27.447180] cloud-init[941]: Your public key has been saved in /etc/ssh/ssh_host_ecdsa_key.pub.
         Starting Accounts Service...
[   27.447559] cloud-init[941]: The key fingerprint is:
[   27.493653] cloud-init[941]: SHA256:SslD9tkaZ7yDpzQgcJhJAtTqpIsyKo1h5JFfmivjge0 root@ubuntu-xenial
[   27.512394] cloud-init[941]: The key's randomart image is:
[   27.547878] cloud-init[941]: +---[ECDSA 256]---+
         Starting LSB: MD monitoring daemon...
[   27.566455] cloud-init[941]: |=.o              |
[   27.577542] cloud-init[941]: | o =             |
[   27.581581] cloud-init[941]: |  B . o          |
[   27.597055] cloud-init[941]: | * o = o +       |
[   27.604876] cloud-init[941]: |* o = * S =      |
         Starting Pollinate to seed the pseudo random number generator...
[   27.631360] cloud-init[941]: |+= + o + * .     |
[   27.705854] cloud-init[941]: |+*. . . = +      |
[   27.713291] cloud-init[941]: |B+o.   . + .     |
[   27.724890] cloud-init[941]: |*oE     .        |
[   27.732546] cloud-init[941]: +----[SHA256]-----+
[   27.752610]          cloud-initStarting System Logging Service...[941]: 
Generating public/private ed25519 key pair.
         Starting Snappy daemon...
[   27.833931] cloud-init[941]: Your identification has been saved in /etc/ssh/ssh_host_ed25519_key.
[   27.876245] cloud-init[941]: Your public key has been saved in /etc/ssh/ssh_host_ed25519_key.pub.
[   27.884636] cloud-init[941]: The key fingerprint is:
[   27.944980] cloud-init[941]:          Starting LXD - container startup/shutdown...
SHA256:yUKdyUiDAVJ89x+hhrTVsWMQNwrPqOfMWtF19cHgy50 root@ubuntu-xenial
         [   28.008164] Starting /etc/rc.local Compatibility...cloud-init
[941]: The key's randomart image is:
[   28.124609] cloud-init[941]: +--[ED25519 256]--+
[[0;32m  OK  [0m] Started D-Bus System Message Bus.
[   28.131448] cloud-init[941]: |.oo..o+ oo+. .+. |
[   28.156644] cloud-init[941]: | .. o.oX.*oo.. o.|
[   28.184709] cloud-init[941]: |   . o+=O.=...  .|
[   28.212846] cloud-init[941]: |     ooo++.o. o .|
[   28.214829] cloud-init[941]: |    . +.S. . o E |
[   28.216782] cloud-init[941]: |     = o  .      |
[   28.218757] cloud-init[941]: |      =          |
[   28.220700] cloud-init[941]: |     o           |
[   28.226727] cloud-init[941]: |    .            |
[   28.251456] cloud-init[941]: +----[SHA256]-----+
[[0;32m  OK  [0m] Started FUSE filesystem for LXC.
[[0;32m  OK  [0m] Started Regular background program processing daemon.
[[0;32m  OK  [0m] Started System Logging Service.
[[0;32m  OK  [0m] Started /etc/rc.local Compatibility.
[[0;32m  OK  [0m] Started iSCSI initiator daemon (iscsid).
[[0;32m  OK  [0m] Started Login Service.
         Starting Authenticate and Authorize Users to Run Privileged Tasks...
[[0;32m  OK  [0m] Started Unattended Upgrades Shutdown.
         Starting Login to default iSCSI targets...
[[0;32m  OK  [0m] Started LSB: Record successful boot for GRUB.
[[0;32m  OK  [0m] Started LSB: MD monitoring daemon.
[[0;32m  OK  [0m] Started Authenticate and Authorize Users to Run Privileged Tasks.
[[0;32m  OK  [0m] Started Accounts Service.
[[0;32m  OK  [0m] Started Login to default iSCSI targets.
[[0;32m  OK  [0m] Reached target Remote File Systems (Pre).
[[0;32m  OK  [0m] Reached target Remote File Systems.
         Starting LSB: automatic crash report generation...
         Starting Permit User Sessions...
         Starting LSB: Set the CPU Frequency Scaling governor to "ondemand"...
         Starting LSB: daemon to balance interrupts for SMP systems...
[[0;32m  OK  [0m] Started Permit User Sessions.
         Starting Hold until boot process finishes up...
         Starting Terminate Plymouth Boot Screen...
[[0;32m  OK  [0m] Started LXD - container startup/shutdown.
[[0;32m  OK  [0m] Started Hold until boot process finishes up.
[[0;32m  OK  [0m] Started Serial Getty on ttyS0.
[[0;32m  OK  [0m] Started Getty on tty1.
[[0;32m  OK  [0m] Reached target Login Prompts.
         Starting Set console scheme...
[[0;32m  OK  [0m] Started Virtualbox guest utils.
[[0;32m  OK  [0m] Started Terminate Plymouth Boot Screen.
[[0;32m  OK  [0m] Started Set console scheme.
[[0;32m  OK  [0m] Started Pollinate to seed the pseudo random number generator.
         Starting OpenBSD Secure Shell server...
[[0;32m  OK  [0m] Started LSB: Set the CPU Frequency Scaling governor to "ondemand".
[[0;32m  OK  [0m] Started LSB: daemon to balance interrupts for SMP systems.
[[0;32m  OK  [0m] Started LSB: automatic crash report generation.
[[0;32m  OK  [0m] Started Snappy daemon.
         Starting Wait until snapd is fully seeded...
[[0;32m  OK  [0m] Started OpenBSD Secure Shell server.
[[0;32m  OK  [0m] Created slice User Slice of vagrant.
         Starting User Manager for UID 1000...
[[0;32m  OK  [0m] Started Session 1 of user vagrant.
[[0;32m  OK  [0m] Started User Manager for UID 1000.
[[0;32m  OK  [0m] Started Wait until snapd is fully seeded.
         Starting Apply the settings specified in cloud-config...
[[0;32m  OK  [0m] Reached target Multi-User System.
[[0;32m  OK  [0m] Reached target Graphical Interface.
         Starting Update UTMP about System Runlevel Changes...
[[0;32m  OK  [0m] Started Update UTMP about System Runlevel Changes.

Ubuntu 16.04.6 LTS ubuntu-xenial ttyS0

ubuntu-xenial login: [   38.656886] cloud-init[1382]: Generating locales (this might take a while)...
[   41.656601] cloud-init[1382]:   en_US.UTF-8... done
[   41.664590] cloud-init[1382]: Generation complete.
[   44.012029] cloud-init[1382]: Cloud-init v. 19.1-1-gbaa47854-0ubuntu1~16.04.1 running 'modules:config' at Fri, 23 Aug 2019 15:43:33 +0000. Up 37.89 seconds.
ci-info: no authorized ssh keys fingerprints found for user ubuntu.
<14>Aug 23 15:43:41 ec2: 
<14>Aug 23 15:43:41 ec2: #############################################################
<14>Aug 23 15:43:41 ec2: -----BEGIN SSH HOST KEY FINGERPRINTS-----
<14>Aug 23 15:43:41 ec2: 1024 SHA256:T0Y5ogBBz1kZW+z9Xmy1OfRaJS30ZG8U4k4X/1lDqbI root@ubuntu-xenial (DSA)
<14>Aug 23 15:43:41 ec2: 256 SHA256:SslD9tkaZ7yDpzQgcJhJAtTqpIsyKo1h5JFfmivjge0 root@ubuntu-xenial (ECDSA)
<14>Aug 23 15:43:41 ec2: 256 SHA256:yUKdyUiDAVJ89x+hhrTVsWMQNwrPqOfMWtF19cHgy50 root@ubuntu-xenial (ED25519)
<14>Aug 23 15:43:41 ec2: 2048 SHA256:9nCTfBl2lxcP2Ei9uM6y2ukJQg5D3C8+8KMPQx92UYU root@ubuntu-xenial (RSA)
<14>Aug 23 15:43:41 ec2: -----END SSH HOST KEY FINGERPRINTS-----
<14>Aug 23 15:43:41 ec2: #############################################################
-----BEGIN SSH HOST KEY KEYS-----
ecdsa-sha2-nistp256 AAAAE2VjZHNhLXNoYTItbmlzdHAyNTYAAAAIbmlzdHAyNTYAAABBBAoVu89IJU7UcURBJlhUHb+nS+HnwXA/MqYwe4yEDSl5iR/TwW7SEopt+q6YDH9jGVjCE652ckR+gRbhCdzH+/A= root@ubuntu-xenial
ssh-ed25519 AAAAC3NzaC1lZDI1NTE5AAAAIEKM1g+eITUyF0sWrirUiouYw+l7h6wCDrqrmZtt60gR root@ubuntu-xenial
ssh-rsa AAAAB3NzaC1yc2EAAAADAQABAAABAQCYE6ahFirnm/OzssY/MtVNDqCEcY2EGFn4O1xJnThVI/tPen6Dq1DCos/Vb4Pc0u9TLlX47WvRkSF12f/jvLWKnYCNhbuI9qszJsm/JasEHmZGnMcBTeP3NLLSnmeTKuWkEf1zNo3yFbEX50Kb7BTcWmv1X/NJJXdcuxtW2rp83OdNApLXI1h5xzfgzJ2LAcW+SDCk64zVB1jCmPId0QfzeyB3xfVGORYvzF9ru/hvVxU/zBHszfNMOI1wiw3FKSCSVWKDSVcWHiOv3wpCacilFioa7cvXrMtBDyId9l7AfHzoxjnaNavD7jyjace0lAPP8IQ5TnIySUEfHAK8dOfR root@ubuntu-xenial
-----END SSH HOST KEY KEYS-----
[   45.808026] cloud-init[1582]: Cloud-init v. 19.1-1-gbaa47854-0ubuntu1~16.04.1 running 'modules:final' at Fri, 23 Aug 2019 15:43:40 +0000. Up 45.16 seconds.
[   45.808769] cloud-init[1582]: ci-info: no authorized ssh keys fingerprints found for user ubuntu.
[   45.809392] cloud-init[1582]: Cloud-init v. 19.1-1-gbaa47854-0ubuntu1~16.04.1 finished at Fri, 23 Aug 2019 15:43:41 +0000. Datasource DataSourceNoCloud [seed=/dev/sdb][dsmode=net].  Up 45.77 seconds
