[    0.000000] Initializing cgroup subsys cpuset
[    0.000000] Initializing cgroup subsys cpu
[    0.000000] Initializing cgroup subsys cpuacct
[    0.000000] Linux version 4.4.0-159-generic (buildd@lgw01-amd64-042) (gcc version 5.4.0 20160609 (Ubuntu 5.4.0-6ubuntu1~16.04.10) ) #187-Ubuntu SMP Thu Aug 1 16:28:06 UTC 2019 (Ubuntu 4.4.0-159.187-generic 4.4.185)
[    0.000000] Command line: BOOT_IMAGE=/boot/vmlinuz-4.4.0-159-generic root=LABEL=cloudimg-rootfs ro console=tty1 console=ttyS0
[    0.000000] KERNEL supported cpus:
[    0.000000]   Intel GenuineIntel
[    0.000000]   AMD AuthenticAMD
[    0.000000]   Centaur CentaurHauls
[    0.000000] x86/fpu: Legacy x87 FPU detected.
[    0.000000] e820: BIOS-provided physical RAM map:
[    0.000000] BIOS-e820: [mem 0x0000000000000000-0x000000000009fbff] usable
[    0.000000] BIOS-e820: [mem 0x000000000009fc00-0x000000000009ffff] reserved
[    0.000000] BIOS-e820: [mem 0x00000000000f0000-0x00000000000fffff] reserved
[    0.000000] BIOS-e820: [mem 0x0000000000100000-0x000000002cfeffff] usable
[    0.000000] BIOS-e820: [mem 0x000000002cff0000-0x000000002cffffff] ACPI data
[    0.000000] BIOS-e820: [mem 0x00000000fec00000-0x00000000fec00fff] reserved
[    0.000000] BIOS-e820: [mem 0x00000000fee00000-0x00000000fee00fff] reserved
[    0.000000] BIOS-e820: [mem 0x00000000fffc0000-0x00000000ffffffff] reserved
[    0.000000] NX (Execute Disable) protection: active
[    0.000000] SMBIOS 2.5 present.
[    0.000000] Hypervisor detected: KVM
[    0.000000] e820: last_pfn = 0x2cff0 max_arch_pfn = 0x400000000
[    0.000000] MTRR: Disabled
[    0.000000] x86/PAT: MTRRs disabled, skipping PAT initialization too.
[    0.000000] CPU MTRRs all blank - virtualized system.
[    0.000000] x86/PAT: Configuration [0-7]: WB  WT  UC- UC  WB  WT  UC- UC  
[    0.000000] found SMP MP-table at [mem 0x0009fff0-0x0009ffff] mapped at [ffff88000009fff0]
[    0.000000] Scanning 1 areas for low memory corruption
[    0.000000] RAMDISK: [mem 0x2b961000-0x2c7dcfff]
[    0.000000] ACPI: Early table checksum verification disabled
[    0.000000] ACPI: RSDP 0x00000000000E0000 000024 (v02 VBOX  )
[    0.000000] ACPI: XSDT 0x000000002CFF0030 00003C (v01 VBOX   VBOXXSDT 00000001 ASL  00000061)
[    0.000000] ACPI: FACP 0x000000002CFF00F0 0000F4 (v04 VBOX   VBOXFACP 00000001 ASL  00000061)
[    0.000000] ACPI: DSDT 0x000000002CFF0470 0021FF (v02 VBOX   VBOXBIOS 00000002 INTL 20180105)
[    0.000000] ACPI: FACS 0x000000002CFF0200 000040
[    0.000000] ACPI: FACS 0x000000002CFF0200 000040
[    0.000000] ACPI: APIC 0x000000002CFF0240 000054 (v02 VBOX   VBOXAPIC 00000001 ASL  00000061)
[    0.000000] ACPI: SSDT 0x000000002CFF02A0 0001CC (v01 VBOX   VBOXCPUT 00000002 INTL 20180105)
[    0.000000] No NUMA configuration found
[    0.000000] Faking a node at [mem 0x0000000000000000-0x000000002cfeffff]
[    0.000000] NODE_DATA(0) allocated [mem 0x2cfeb000-0x2cfeffff]
[    0.000000] kvm-clock: Using msrs 4b564d01 and 4b564d00
[    0.000000] kvm-clock: cpu 0, msr 0:2cfe3001, primary cpu clock
[    0.000000] kvm-clock: using sched offset of 7415454114 cycles
[    0.000000] clocksource: kvm-clock: mask: 0xffffffffffffffff max_cycles: 0x1cd42e4dffb, max_idle_ns: 881590591483 ns
[    0.000000] Zone ranges:
[    0.000000]   DMA      [mem 0x0000000000001000-0x0000000000ffffff]
[    0.000000]   DMA32    [mem 0x0000000001000000-0x000000002cfeffff]
[    0.000000]   Normal   empty
[    0.000000]   Device   empty
[    0.000000] Movable zone start for each node
[    0.000000] Early memory node ranges
[    0.000000]   node   0: [mem 0x0000000000001000-0x000000000009efff]
[    0.000000]   node   0: [mem 0x0000000000100000-0x000000002cfeffff]
[    0.000000] Initmem setup node 0 [mem 0x0000000000001000-0x000000002cfeffff]
[    0.000000] ACPI: PM-Timer IO Port: 0x4008
[    0.000000] IOAPIC[0]: apic_id 1, version 32, address 0xfec00000, GSI 0-23
[    0.000000] ACPI: INT_SRC_OVR (bus 0 bus_irq 0 global_irq 2 dfl dfl)
[    0.000000] ACPI: INT_SRC_OVR (bus 0 bus_irq 9 global_irq 9 low level)
[    0.000000] Using ACPI (MADT) for SMP configuration information
[    0.000000] smpboot: Allowing 1 CPUs, 0 hotplug CPUs
[    0.000000] PM: Registered nosave memory: [mem 0x00000000-0x00000fff]
[    0.000000] PM: Registered nosave memory: [mem 0x0009f000-0x0009ffff]
[    0.000000] PM: Registered nosave memory: [mem 0x000a0000-0x000effff]
[    0.000000] PM: Registered nosave memory: [mem 0x000f0000-0x000fffff]
[    0.000000] e820: [mem 0x2d000000-0xfebfffff] available for PCI devices
[    0.000000] Booting paravirtualized kernel on KVM
[    0.000000] clocksource: refined-jiffies: mask: 0xffffffff max_cycles: 0xffffffff, max_idle_ns: 7645519600211568 ns
[    0.000000] setup_percpu: NR_CPUS:512 nr_cpumask_bits:512 nr_cpu_ids:1 nr_node_ids:1
[    0.000000] PERCPU: Embedded 34 pages/cpu @ffff88002cc00000 s99544 r8192 d31528 u2097152
[    0.000000] Built 1 zonelists in Node order, mobility grouping on.  Total pages: 181304
[    0.000000] Policy zone: DMA32
[    0.000000] Kernel command line: BOOT_IMAGE=/boot/vmlinuz-4.4.0-159-generic root=LABEL=cloudimg-rootfs ro console=tty1 console=ttyS0
[    0.000000] PID hash table entries: 4096 (order: 3, 32768 bytes)
[    0.000000] Memory: 690660K/736824K available (8618K kernel code, 1335K rwdata, 4032K rodata, 1488K init, 1284K bss, 46164K reserved, 0K cma-reserved)
[    0.000000] SLUB: HWalign=64, Order=0-3, MinObjects=0, CPUs=1, Nodes=1
[    0.000000] Kernel/User page tables isolation: enabled
[    0.000000] Hierarchical RCU implementation.
[    0.000000] 	Build-time adjustment of leaf fanout to 64.
[    0.000000] 	RCU restricting CPUs from NR_CPUS=512 to nr_cpu_ids=1.
[    0.000000] RCU: Adjusting geometry for rcu_fanout_leaf=64, nr_cpu_ids=1
[    0.000000] NR_IRQS:33024 nr_irqs:256 16
[    0.000000] Console: colour VGA+ 80x25
[    0.000000] console [tty1] enabled
[    0.000000] console [ttyS0] enabled
[    0.000000] tsc: Detected 2992.498 MHz processor
[    0.822319] Calibrating delay loop (skipped) preset value.. 5984.99 BogoMIPS (lpj=11969992)
[    0.825344] pid_max: default: 32768 minimum: 301
[    0.826914] ACPI: Core revision 20150930
[    0.829598] ACPI: 2 ACPI AML tables successfully acquired and loaded
[    0.831996] Security Framework initialized
[    0.833449] Yama: becoming mindful.
[    0.834846] AppArmor: AppArmor initialized
[    0.846498] Dentry cache hash table entries: 131072 (order: 8, 1048576 bytes)
[    0.849103] Inode-cache hash table entries: 65536 (order: 7, 524288 bytes)
[    0.851398] Mount-cache hash table entries: 2048 (order: 2, 16384 bytes)
[    0.853462] Mountpoint-cache hash table entries: 2048 (order: 2, 16384 bytes)
[    0.856023] Initializing cgroup subsys io
[    0.857495] Initializing cgroup subsys memory
[    0.859035] Initializing cgroup subsys devices
[    0.860598] Initializing cgroup subsys freezer
[    0.862130] Initializing cgroup subsys net_cls
[    0.922187] Initializing cgroup subsys perf_event
[    0.923788] Initializing cgroup subsys net_prio
[    0.925367] Initializing cgroup subsys hugetlb
[    0.926908] Initializing cgroup subsys pids
[    0.928533] mce: CPU supports 0 MCE banks
[    0.930007] process: using mwait in idle threads
[    0.931647] Last level iTLB entries: 4KB 128, 2MB 4, 4MB 4
[    0.933409] Last level dTLB entries: 4KB 256, 2MB 0, 4MB 32, 1GB 0
[    0.935362] Spectre V1 : Mitigation: usercopy/swapgs barriers and __user pointer sanitization
[    0.938256] Spectre V2 : Mitigation: Full generic retpoline
[    0.940072] Spectre V2 : Spectre v2 / SpectreRSB mitigation: Filling RSB on context switch
[    0.942904] Speculative Store Bypass: Vulnerable
[    0.945266] MDS: Vulnerable: Clear CPU buffers attempted, no microcode
[    1.588520] Freeing SMP alternatives memory: 36K
[    1.649026] ftrace: allocating 32318 entries in 127 pages
[    1.774619] smpboot: APIC(0) Converting physical 0 to logical package 0
[    1.778461] smpboot: Max logical packages: 1
[    1.780575] x2apic enabled
[    1.782310] Switched APIC routing to physical x2apic.
[    1.854693] ..TIMER: vector=0x30 apic1=0 pin1=2 apic2=-1 pin2=-1
[    1.865578] APIC calibration not consistent with PM-Timer: 200ms instead of 100ms
[    1.868234] APIC delta adjusted to PM-Timer: 6249967 (12500650)
[    1.870169] smpboot: CPU0: Intel(R) Core(TM)2 Duo CPU     E8400  @ 3.00GHz (family: 0x6, model: 0x17, stepping: 0xa)
[    1.874502] Performance Events: unsupported p6 CPU model 23 no PMU driver, software events only.
[    2.070931] KVM setup paravirtual spinlock
[    2.077926] x86: Booted up 1 node, 1 CPUs
[    2.079411] smpboot: Total of 1 processors activated (5984.99 BogoMIPS)
[    2.082049] devtmpfs: initialized
[    2.085724] evm: security.selinux
[    2.087030] evm: security.SMACK64
[    2.088303] evm: security.SMACK64EXEC
[    2.099826] evm: security.SMACK64TRANSMUTE
[    2.101276] evm: security.SMACK64MMAP
[    2.102655] evm: security.ima
[    2.103849] evm: security.capability
[    2.176543] clocksource: jiffies: mask: 0xffffffff max_cycles: 0xffffffff, max_idle_ns: 7645041785100000 ns
[    2.179791] futex hash table entries: 256 (order: 2, 16384 bytes)
[    2.181987] pinctrl core: initialized pinctrl subsystem
[    2.183902] RTC time: 16:34:15, date: 08/23/19
[    2.185725] NET: Registered protocol family 16
[    2.206775] cpuidle: using governor ladder
[    2.208237] cpuidle: using governor menu
[    2.209649] PCCT header not found.
[    2.211019] ACPI: bus type PCI registered
[    2.212452] acpiphp: ACPI Hot Plug PCI Controller Driver version: 0.5
[    2.214583] PCI: Using configuration type 1 for base access
[    2.268755] ACPI: Added _OSI(Module Device)
[    2.270256] ACPI: Added _OSI(Processor Device)
[    2.271790] ACPI: Added _OSI(3.0 _SCP Extensions)
[    2.273377] ACPI: Added _OSI(Processor Aggregator Device)
[    2.275883] ACPI: Executed 1 blocks of module-level executable AML code
[    2.280406] ACPI: Interpreter enabled
[    2.281967] ACPI: (supports S0 S5)
[    2.283287] ACPI: Using IOAPIC for interrupt routing
[    2.285120] PCI: Using host bridge windows from ACPI; if necessary, use "pci=nocrs" and report a bug
[    2.305120] ACPI: PCI Root Bridge [PCI0] (domain 0000 [bus 00-ff])
[    2.307050] acpi PNP0A03:00: _OSC: OS supports [ASPM ClockPM Segments MSI]
[    2.309160] acpi PNP0A03:00: _OSC: not requesting OS control; OS requires [ExtendedConfig ASPM ClockPM MSI]
[    2.312369] acpi PNP0A03:00: fail to add MMCONFIG information, can't access extended PCI configuration space under this bridge.
[    2.367184] PCI host bridge to bus 0000:00
[    2.368719] pci_bus 0000:00: root bus resource [io  0x0000-0x0cf7 window]
[    2.370800] pci_bus 0000:00: root bus resource [io  0x0d00-0xffff window]
[    2.372866] pci_bus 0000:00: root bus resource [mem 0x000a0000-0x000bffff window]
[    2.375587] pci_bus 0000:00: root bus resource [mem 0x2d000000-0xfdffffff window]
[    2.378269] pci_bus 0000:00: root bus resource [bus 00-ff]
[    2.382478] pci 0000:00:01.1: legacy IDE quirk: reg 0x10: [io  0x01f0-0x01f7]
[    2.384630] pci 0000:00:01.1: legacy IDE quirk: reg 0x14: [io  0x03f6]
[    2.396639] pci 0000:00:01.1: legacy IDE quirk: reg 0x18: [io  0x0170-0x0177]
[    2.398845] pci 0000:00:01.1: legacy IDE quirk: reg 0x1c: [io  0x0376]
[    2.479185] pci 0000:00:07.0: quirk: [io  0x4000-0x403f] claimed by PIIX4 ACPI
[    2.483385] pci 0000:00:07.0: quirk: [io  0x4100-0x410f] claimed by PIIX4 SMB
[    2.494980] ACPI: PCI Interrupt Link [LNKA] (IRQs 5 9 10 *11)
[    2.525681] ACPI: PCI Interrupt Link [LNKB] (IRQs 5 9 *10 11)
[    2.529632] ACPI: PCI Interrupt Link [LNKC] (IRQs 5 *9 10 11)
[    2.615736] ACPI: PCI Interrupt Link [LNKD] (IRQs 5 9 10 *11)
[    2.618377] ACPI: Enabled 2 GPEs in block 00 to 07
[    2.621059] vgaarb: setting as boot device: PCI:0000:00:02.0
[    2.622884] vgaarb: device added: PCI:0000:00:02.0,decodes=io+mem,owns=io+mem,locks=none
[    2.625699] vgaarb: loaded
[    2.626843] vgaarb: bridge control possible 0000:00:02.0
[    2.680007] SCSI subsystem initialized
[    2.681795] ACPI: bus type USB registered
[    2.699433] usbcore: registered new interface driver usbfs
[    2.783059] usbcore: registered new interface driver hub
[    2.784794] usbcore: registered new device driver usb
[    2.786805] PCI: Using ACPI for IRQ routing
[    2.789047] NetLabel: Initializing
[    2.790375] NetLabel:  domain hash size = 128
[    2.791876] NetLabel:  protocols = UNLABELED CIPSOv4
[    2.793588] NetLabel:  unlabeled traffic allowed by default
[    2.795756] amd_nb: Cannot enumerate AMD northbridges
[    2.797547] clocksource: Switched to clocksource kvm-clock
[    2.811109] AppArmor: AppArmor Filesystem Enabled
[    2.826740] pnp: PnP ACPI init
[    2.829885] pnp: PnP ACPI: found 3 devices
[    2.889833] clocksource: acpi_pm: mask: 0xffffff max_cycles: 0xffffff, max_idle_ns: 2085701024 ns
[    2.898190] NET: Registered protocol family 2
[    2.900251] TCP established hash table entries: 8192 (order: 4, 65536 bytes)
[    2.987602] TCP bind hash table entries: 8192 (order: 5, 131072 bytes)
[    2.996577] TCP: Hash tables configured (established 8192 bind 8192)
[    3.016307] UDP hash table entries: 512 (order: 2, 16384 bytes)
[    3.018248] UDP-Lite hash table entries: 512 (order: 2, 16384 bytes)
[    3.026310] NET: Registered protocol family 1
[    3.027866] pci 0000:00:00.0: Limiting direct PCI/PCI transfers
[    3.029801] pci 0000:00:01.0: Activating ISA DMA hang workarounds
[    3.032016] Unpacking initramfs...
[    3.535975] Freeing initrd memory: 14832K
[    3.619398] clocksource: tsc: mask: 0xffffffffffffffff max_cycles: 0x2b2296bc2b9, max_idle_ns: 440795321505 ns
[    3.644540] platform rtc_cmos: registered platform RTC device (no PNP device found)
[    3.712775] Scanning for low memory corruption every 60 seconds
[    3.715107] audit: initializing netlink subsys (disabled)
[    3.733649] audit: type=2000 audit(1566578063.629:1): initialized
[    3.735981] Initialise system trusted keyring
[    3.737653] HugeTLB registered 2 MB page size, pre-allocated 0 pages
[    3.741211] zbud: loaded
[    3.742649] VFS: Disk quotas dquot_6.6.0
[    3.744109] VFS: Dquot-cache hash table entries: 512 (order 0, 4096 bytes)
[    3.746494] squashfs: version 4.0 (2009/01/31) Phillip Lougher
[    3.749398] fuse init (API version 7.23)
[    3.751021] Key type big_key registered
[    3.752437] Allocating IMA MOK and blacklist keyrings.
[    3.754552] Key type asymmetric registered
[    3.756093] Asymmetric key parser 'x509' registered
[    3.757756] Block layer SCSI generic (bsg) driver version 0.4 loaded (major 249)
[    3.812741] io scheduler noop registered
[    3.836488] io scheduler deadline registered (default)
[    3.838222] io scheduler cfq registered
[    3.839825] pci_hotplug: PCI Hot Plug PCI Core version: 0.5
[    3.841616] pciehp: PCI Express Hot Plug Controller Driver version: 0.4
[    3.843855] ACPI: AC Adapter [AC] (on-line)
[    3.845403] input: Power Button as /devices/LNXSYSTM:00/LNXPWRBN:00/input/input0
[    3.848081] ACPI: Power Button [PWRF]
[    3.917153] input: Sleep Button as /devices/LNXSYSTM:00/LNXSLPBN:00/input/input1
[    3.919893] ACPI: Sleep Button [SLPF]
[    3.921430] GHES: HEST is not enabled!
[    3.922977] Serial: 8250/16550 driver, 32 ports, IRQ sharing enabled
[    3.948243] 00:02: ttyS0 at I/O 0x3f8 (irq = 4, base_baud = 115200) is a 16550A
[    4.028806] Linux agpgart interface v0.103
[    4.032443] loop: module loaded
[    4.037109] scsi host0: ata_piix
[    4.038518] scsi host1: ata_piix
[    4.039829] ata1: PATA max UDMA/33 cmd 0x1f0 ctl 0x3f6 bmdma 0xd000 irq 14
[    4.041913] ata2: PATA max UDMA/33 cmd 0x170 ctl 0x376 bmdma 0xd008 irq 15
[    4.044741] libphy: Fixed MDIO Bus: probed
[    4.046202] tun: Universal TUN/TAP device driver, 1.6
[    4.047916] tun: (C) 1999-2004 Max Krasnyansky <maxk@qualcomm.com>
[    4.122502] PPP generic driver version 2.4.2
[    4.124092] ehci_hcd: USB 2.0 'Enhanced' Host Controller (EHCI) Driver
[    4.126128] ehci-pci: EHCI PCI platform driver
[    4.127719] ehci-platform: EHCI generic platform driver
[    4.129438] ohci_hcd: USB 1.1 'Open' Host Controller (OHCI) Driver
[    4.227467] ohci-pci: OHCI PCI platform driver
[    4.229032] ohci-platform: OHCI generic platform driver
[    4.230801] uhci_hcd: USB Universal Host Controller Interface driver
[    4.232983] i8042: PNP: PS/2 Controller [PNP0303:PS2K,PNP0f03:PS2M] at 0x60,0x64 irq 1,12
[    4.236538] serio: i8042 KBD port at 0x60,0x64 irq 1
[    4.238187] serio: i8042 AUX port at 0x60,0x64 irq 12
[    4.240097] mousedev: PS/2 mouse device common for all mice
[    4.242336] input: AT Translated Set 2 keyboard as /devices/platform/i8042/serio0/input/input2
[    4.245882] rtc_cmos rtc_cmos: rtc core: registered rtc_cmos as rtc0
[    4.248089] rtc_cmos rtc_cmos: alarms up to one day, 114 bytes nvram
[    4.250089] i2c /dev entries driver
[    4.251473] device-mapper: uevent: version 1.0.3
[    4.253106] device-mapper: ioctl: 4.34.0-ioctl (2015-10-28) initialised: dm-devel@redhat.com
[    4.256034] ledtrig-cpu: registered to indicate activity on CPUs
[    4.258305] NET: Registered protocol family 10
[    4.260273] NET: Registered protocol family 17
[    4.261845] Key type dns_resolver registered
[    4.263690] registered taskstats version 1
[    4.265349] Loading compiled-in X.509 certificates
[    4.268015] Loaded X.509 cert 'Build time autogenerated kernel key: d14182f9795b80ec340f636a5a08bf5817ccd8e7'
[    4.271312] zswap: loaded using pool lzo/zbud
[    4.331413] Key type trusted registered
[    4.360353] Key type encrypted registered
[    4.361930] AppArmor: AppArmor sha1 policy hashing enabled
[    4.363766] ima: No TPM chip found, activating TPM-bypass!
[    4.365597] ima: Allocated hash algorithm: sha1
[    4.367222] evm: HMAC attrs: 0x1
[    4.368930]   Magic number: 15:467:591
[    4.370455] rtc_cmos rtc_cmos: setting system clock to 2019-08-23 16:34:17 UTC (1566578057)
[    4.373443] BIOS EDD facility v0.16 2004-Jun-25, 0 devices found
[    4.375403] EDD information not available.
[    4.437611] Freeing unused kernel memory: 1488K
[    4.457620] Write protecting the kernel read-only data: 14336k
[    4.472063] Freeing unused kernel memory: 1608K
[    4.473934] Freeing unused kernel memory: 64K
Loading, please wait...
starting version 229
[    4.766663] random: systemd-udevd: uninitialized urandom read (16 bytes read, 4 bits of entropy available)
[    4.770522] random: systemd-udevd: uninitialized urandom read (16 bytes read, 4 bits of entropy available)
[    4.773762] random: systemd-udevd: uninitialized urandom read (16 bytes read, 4 bits of entropy available)
[    4.777012] random: systemd-udevd: uninitialized urandom read (16 bytes read, 4 bits of entropy available)
[    4.780315] random: udevadm: uninitialized urandom read (16 bytes read, 4 bits of entropy available)
[    4.850920] random: udevadm: uninitialized urandom read (16 bytes read, 4 bits of entropy available)
[    4.955567] random: systemd-udevd: uninitialized urandom read (16 bytes read, 4 bits of entropy available)
[    4.981319] random: systemd-udevd: uninitialized urandom read (16 bytes read, 4 bits of entropy available)
[    5.052474] random: systemd-udevd: uninitialized urandom read (16 bytes read, 4 bits of entropy available)
[    5.057621] random: systemd-udevd: uninitialized urandom read (16 bytes read, 4 bits of entropy available)
[    5.822313] Fusion MPT base driver 3.04.20
[    5.826811] Copyright (c) 1999-2008 LSI Corporation
[    5.911511] Fusion MPT SPI Host driver 3.04.20
[    6.015102] mptbase: ioc0: Initiating bringup
[    6.088399] e1000: Intel(R) PRO/1000 Network Driver - version 7.3.21-k8-NAPI
[    6.097158] e1000: Copyright (c) 1999-2006 Intel Corporation.
[    6.201168] input: ImExPS/2 Generic Explorer Mouse as /devices/platform/i8042/serio1/input/input4
[    6.303056] ioc0: LSI53C1030 A0: Capabilities={Initiator}
[    6.687309] scsi host2: ioc0: LSI53C1030 A0, FwRev=00000000h, Ports=1, MaxQ=256, IRQ=20
[    6.811587] scsi 2:0:0:0: Direct-Access     VBOX     HARDDISK         1.0  PQ: 0 ANSI: 5
[    6.818362] scsi target2:0:0: Beginning Domain Validation
[    6.827848] scsi target2:0:0: Domain Validation skipping write tests
[    6.831084] scsi target2:0:0: Ending Domain Validation
[    6.833154] scsi target2:0:0: asynchronous
[    6.835126] scsi 2:0:1:0: Direct-Access     VBOX     HARDDISK         1.0  PQ: 0 ANSI: 5
[    6.837957] scsi target2:0:1: Beginning Domain Validation
[    6.861599] scsi target2:0:1: Domain Validation skipping write tests
[    6.864472] scsi target2:0:1: Ending Domain Validation
[    6.918359] scsi target2:0:1: asynchronous
[    7.161383] sd 2:0:0:0: Attached scsi generic sg0 type 0
[    7.224195] sd 2:0:0:0: [sda] 20971520 512-byte logical blocks: (10.7 GB/10.0 GiB)
[    7.228594] sd 2:0:0:0: [sda] Write Protect is off
[    7.240332] sd 2:0:0:0: [sda] Incomplete mode parameter data
[    7.242235] sd 2:0:0:0: [sda] Assuming drive cache: write through
[    7.327100]  sda: sda1
[    7.333819] sd 2:0:1:0: [sdb] 20480 512-byte logical blocks: (10.5 MB/10.0 MiB)
[    7.347313] sd 2:0:1:0: Attached scsi generic sg1 type 0
[    7.438999] sd 2:0:1:0: [sdb] Write Protect is off
[    7.440750] sd 2:0:0:0: [sda] Attached SCSI disk
[    7.442350] sd 2:0:1:0: [sdb] Incomplete mode parameter data
[    7.444196] sd 2:0:1:0: [sdb] Assuming drive cache: write through
[    7.533916] sd 2:0:1:0: [sdb] Attached SCSI disk
[    7.992373] e1000 0000:00:03.0 eth0: (PCI:33MHz:32-bit) 02:6a:5b:40:72:6f
[    7.996014] e1000 0000:00:03.0 eth0: Intel(R) PRO/1000 Network Connection
[    8.004729] e1000 0000:00:03.0 enp0s3: renamed from eth0
Begin: Loading essential drivers ... [   11.170933] md: linear personality registered for level -1
[   11.193361] md: multipath personality registered for level -4
[   11.211673] md: raid0 personality registered for level 0
[   11.338560] md: raid1 personality registered for level 1
[   11.585745] raid6: sse2x1   gen()  4167 MB/s
[   11.690658] raid6: sse2x1   xor()  3631 MB/s
[   11.795709] raid6: sse2x2   gen()  4216 MB/s
[   11.900684] raid6: sse2x2   xor()  3244 MB/s
[   12.005846] raid6: sse2x4   gen()  5439 MB/s
[   12.110671] raid6: sse2x4   xor()  3233 MB/s
[   12.112248] raid6: using algorithm sse2x4 gen() 5439 MB/s
[   12.114007] raid6: .... xor() 3233 MB/s, rmw enabled
[   12.136267] raid6: using ssse3x2 recovery algorithm
[   12.150240] xor: measuring software checksum speed
[   12.346277]    prefetch64-sse: 29864.000 MB/sec
[   12.431907]    generic_sse: 22413.000 MB/sec
[   12.433630] xor: using function: prefetch64-sse (29864.000 MB/sec)
[   12.445232] async_tx: api initialized (async)
[   12.559325] md: raid6 personality registered for level 6
[   12.627523] md: raid5 personality registered for level 5
[   12.629275] md: raid4 personality registered for level 4
[   12.742142] md: raid10 personality registered for level 10
done.
Begin: Running /scripts/init-premount ... done.
Begin: Mounting root file system ... Begin: Running /scripts/local-top ... done.
Begin: Running /scripts/local-premount ... [   13.092365] Btrfs loaded
Scanning for Btrfs filesystems
done.
Warning: fsck not present, so skipping root file system
[   13.590330] EXT4-fs (sda1): mounted filesystem with ordered data mode. Opts: (null)
done.
Begin: Running /scripts/local-bottom ... done.
Begin: Running /scripts/init-bottom ... done.
[   14.457078] random: nonblocking pool is initialized
[   14.579579] systemd[1]: systemd 229 running in system mode. (+PAM +AUDIT +SELINUX +IMA +APPARMOR +SMACK +SYSVINIT +UTMP +LIBCRYPTSETUP +GCRYPT +GNUTLS +ACL +XZ -LZ4 +SECCOMP +BLKID +ELFUTILS +KMOD -IDN)
[   14.592110] systemd[1]: Detected virtualization oracle.
[   14.596667] systemd[1]: Detected architecture x86-64.

Welcome to [1mUbuntu 16.04.6 LTS[0m!

[   14.614147] systemd[1]: Set hostname to <ubuntu>.
[   14.627815] systemd[1]: Initializing machine ID from random generator.
[   14.629988] systemd[1]: Installed transient /etc/machine-id file.
[   15.954667] systemd[1]: Created slice User and Session Slice.
[[0;32m  OK  [0m] Created slice User and Session Slice.
[   15.969577] systemd[1]: Listening on Journal Socket (/dev/log).
[[0;32m  OK  [0m] Listening on Journal Socket (/dev/log).
[   15.978603] systemd[1]: Reached target System Time Synchronized.
[[0;32m  OK  [0m] Reached target System Time Synchronized.
[   15.982958] systemd[1]: Started Forward Password Requests to Wall Directory Watch.
[[0;32m  OK  [0m] Started Forward Password Requests to Wall Directory Watch.
[   15.988112] systemd[1]: Listening on Syslog Socket.
[[0;32m  OK  [0m] Listening on Syslog Socket.
[   15.991767] systemd[1]: Started Trigger resolvconf update for networkd DNS.
[[0;32m  OK  [0m] Started Trigger resolvconf update for networkd DNS.
[   16.000838] systemd[1]: Set up automount Arbitrary Executable File Formats File System Automount Point.
[[0;32m  OK  [0m] Set up automount Arbitrary Executab...ats File System Automount Point.
[   16.137851] systemd[1]: Listening on LVM2 metadata daemon socket.
[[0;32m  OK  [0m] Listening on LVM2 metadata daemon socket.
[   16.141827] systemd[1]: Reached target Encrypted Volumes.
[[0;32m  OK  [0m] Reached target Encrypted Volumes.
[   16.149717] systemd[1]: Listening on udev Kernel Socket.
[[0;32m  OK  [0m] Listening on udev Kernel Socket.
[   16.153644] systemd[1]: Listening on /dev/initctl Compatibility Named Pipe.
[[0;32m  OK  [0m] Listening on /dev/initctl Compatibility Named Pipe.
[   16.178318] systemd[1]: Reached target User and Group Name Lookups.
[[0;32m  OK  [0m] Reached target User and Group Name Lookups.
[   16.189980] systemd[1]: Listening on LVM2 poll daemon socket.
[[0;32m  OK  [0m] Listening on LVM2 poll daemon socket.
[   16.242190] systemd[1]: Listening on udev Control Socket.
[[0;32m  OK  [0m] Listening on udev Control Socket.
[   16.258853] systemd[1]: Reached target Swap.
[[0;32m  OK  [0m] Reached target Swap.
[   16.262441] systemd[1]: Listening on Journal Socket.
[[0;32m  OK  [0m] Listening on Journal Socket.
[   16.282998] systemd[1]: Created slice System Slice.
[[0;32m  OK  [0m] Created slice System Slice.
[   16.286514] systemd[1]: Reached target Slices.
[[0;32m  OK  [0m] Reached target Slices.
[   16.293738] systemd[1]: Starting Nameserver information manager...
         Starting Nameserver information manager...
[   16.312753] systemd[1]: Starting Remount Root and Kernel File Systems...
         Starting Remount Root and Kernel File Systems...
[   16.451360] systemd[1]: Starting Create list of required static device nodes for the current kernel...
         [   16.484272] EXT4-fs (sda1): re-mounted. Opts: (null)
Starting Create list of required st... nodes for the current kernel...
[   16.491614] systemd[1]: Starting Set console keymap...
         Starting Set console keymap...
[   16.651552] systemd[1]: Mounting Debug File System...
         Mounting Debug File System...
[   16.760999] systemd[1]: Created slice system-serial\x2dgetty.slice.
[[0;32m  OK  [0m] Created slice system-serial\x2dgetty.slice.
[   16.805820] systemd[1]: Starting Load Kernel Modules...
         Starting Load Kernel Modules...
[   16.872513] systemd[1]: Starting Uncomplicated firewall...
         Starting Uncomplicated firewall...
[   17.071374] systemd[1]: Mounting POSIX Message Queue File System...
[   17.079160] Loading iSCSI transport class v2.0-870.
         [   17.276413] iscsi: registered transport (tcp)
Mounting POSIX Message Queue File System...
[   17.283980] systemd[1]: Mounting Huge Pages File System...
         Mounting Huge Pages File System...
[   17.301735] systemd[1]: Listening on Device-mapper event daemon FIFOs.
[[0;32m  OK  [0m] Listening on Device-mapper event daemon FIFOs.
[   17.479315] systemd[1]: Listening on Journal Audit Socket.
[[0;32m  OK  [0m] Listening on Journal Audit Socket.
[   17.487716] systemd[1]: Starting Journal Service...
         Starting Journal Service...
[   17.532724] systemd[1]: Starting Monitoring of LVM2 mirrors, snapshots etc. using dmeventd or progress polling...
         Starting Monitoring of LVM2 mirrors... dmeventd or progress polling...
[   17.718718] systemd[1]: Mounted Huge Pages File System.
[[0;32m  OK  [0m] Mounted Huge Pages File System.
[   17.823633] systemd[1]: Mounted POSIX Message Queue File System.
[[0;32m  OK  [0m] Mounted POSIX Message Queue File System.
[   17.991835] systemd[1]: Mounted Debug File System.
[[0;32m  OK  [0m] Mounted Debug File System.
[   18.011674] systemd[1]: Started Remount Root and Kernel File Systems.
[[0;32m  OK  [0m] Started Remount Root and Kernel File Systems.
[   18.203270] systemd[1]: Started Create list of required static device nodes for the current kernel.
[[0;32m  OK  [0m] Started Create list of required sta...ce nodes for the current kernel.
[   18.232817] systemd[1]: Started Uncomplicated firewall.
[   18.325256] iscsi: registered transport (iser)
[[0;32m  OK  [0m] Started Uncomplicated firewall.
[   18.447466] systemd[1]: Started Set console keymap.
[[0;32m  OK  [0m] Started Set console keymap.
[   18.453296] systemd[1]: Started Load Kernel Modules.
[[0;32m  OK  [0m] Started Load Kernel Modules.
[   18.512511] systemd[1]: Started Nameserver information manager.
[[0;32m  OK  [0m] Started Nameserver information manager.
[   18.611691] systemd[1]: Started Journal Service.
[[0;32m  OK  [0m] Started Journal Service.
[[0;32m  OK  [0m] Started LVM2 metadata daemon.
         Starting Apply Kernel Variables...
         Mounting FUSE Control File System...
         Starting Create Static Device Nodes in /dev...
         Starting udev Coldplug all Devices...
         Starting Load/Save Random Seed...
         Starting Flush Journal to Persistent Storage...
[[0;32m  OK  [0m] Mounted FUSE Control File System.
[[0;32m  OK  [0m] Started Apply Kernel Variables.
[[0;32m  OK  [0m] Started Load/Save Random Seed.
[[0;32m  OK  [0m] Started Create Static Device Nodes in /dev.
[[0;32m  OK  [0m] Started Flush Journal to Persistent Storage.
         Starting udev Kernel Device Manager...
[[0;32m  OK  [0m] Started Monitoring of LVM2 mirrors,...ng dmeventd or progress polling.
[[0;32m  OK  [0m] Reached target Local File Systems (Pre).
[[0;32m  OK  [0m] Reached target Local File Systems.
         Starting Initial cloud-init job (pre-networking)...
         Starting Set console font and keymap...
         Starting Create Volatile Files and Directories...
         Starting Tell Plymouth To Write Out Runtime Data...
         Starting Commit a transient machine-id on disk...
         Starting LSB: AppArmor initialization...
[[0;32m  OK  [0m] Started Tell Plymouth To Write Out Runtime Data.
[[0;32m  OK  [0m] Started Commit a transient machine-id on disk.
[[0;32m  OK  [0m] Started Create Volatile Files and Directories.
         Starting Update UTMP about System Boot/Shutdown...
[[0;32m  OK  [0m] Started Update UTMP about System Boot/Shutdown.
[[0;32m  OK  [0m] Started udev Coldplug all Devices.
[[0;32m  OK  [0m] Started udev Kernel Device Manager.
[[0;32m  OK  [0m] Started Dispatch Password Requests to Console Directory Watch.
[[0;32m  OK  [0m] Found device /dev/ttyS0.
[[0;32m  OK  [0m] Listening on Load/Save RF Kill Switch Status /dev/rfkill Watch.
[[0;32m  OK  [0m] Started LSB: AppArmor initialization.
[   33.286005] cloud-init[454]: Cloud-init v. 19.1-1-gbaa47854-0ubuntu1~16.04.1 running 'init-local' at Fri, 23 Aug 2019 16:34:43 +0000. Up 28.62 seconds.
[[0;32m  OK  [0m] Started Initial cloud-init job (pre-networking).
[[0;32m  OK  [0m] Reached target Network (Pre).
         Starting Raise network interfaces...
[[0;32m  OK  [0m] Started Set console font and keymap.
[[0;32m  OK  [0m] Created slice system-getty.slice.
[[0;32m  OK  [0m] Started Raise network interfaces.
         Starting Initial cloud-init job (metadata service crawler)...
[[0;32m  OK  [0m] Reached target Network.
[   46.171287] cloud-init[941]: Cloud-init v. 19.1-1-gbaa47854-0ubuntu1~16.04.1 running 'init' at Fri, 23 Aug 2019 16:34:57 +0000. Up 41.91 seconds.
[   46.182579] cloud-init[941]: ci-info: ++++++++++++++++++++++++++++++++++++++Net device info++++++++++++++++++++++++++++++++++++++
[   46.264494] cloud-init[941]: ci-info: +--------+------+----------------------------+---------------+--------+-------------------+
[   46.281512] cloud-init[941]: ci-info: | Device |  Up  |          Address           |      Mask     | Scope  |     Hw-Address    |
[   46.288989] cloud-init[941]: ci-info: +--------+------+----------------------------+---------------+--------+-------------------+
[   46.345846] cloud-init[941]: ci-info: | enp0s3 | True |         10.0.2.15          | 255.255.255.0 | global | 02:6a:5b:40:72:6f |
[   46.561427] cloud-init[941]: ci-info: | enp0s3 | True | fe80::6a:5bff:fe40:726f/64 |       .       |  link  | 02:6a:5b:40:72:6f |
[[0;32m  OK  [0m] Started Initial cloud-init job (metadata service crawler).
[   46.652140] cloud-init[941]: ci-info: |   lo   | True |         127.0.0.1          |   255.0.0.0   |  host  |         .         |
[   46.683845] cloud-init[941]: ci-info: |   lo   | True |          ::1/128           |       .       |  host  |         .         |[[0;32m  OK  [0m] Reached target System Initialization.

[   46.693026] cloud-init[941]: ci-info: +--------+------+----------------------------+---------------+--------+-------------------+
         Starting Socket activation for snappy daemon.
[[0;32m  OK  [0m] Listening on D-Bus System Message Bus Socket.
[[0;32m  OK  [0m] Started Daily apt download activities.
[[0;32m  OK  [0m] Started Daily apt upgrade and clean activities.
[   46.915806] cloud-init[941]: ci-info: +++++++++++++++++++++++++++Route IPv4 info++++++++++++++++++++++++++++
[   46.919374] [[0;32m  OK  [0m] Started ACPI Events Check.
[[0;32m  OK  [0m] Reached target Paths.
[[0;32m  OK  [0m] Started Daily Cleanup of Temporary Directories.
[[0;32m  OK  [0m] Reached target Timers.
[[0;32m  OK  [0m] Listening on UUID daemon activation socket.
cloud-init[941]: ci-info: +-------+-------------+----------+---------------+-----------+-------+
[   46.927312] cloud-init[941]: ci-info: | Route | Destination | Gateway  |    Genmask    | Interface | Flags |
[   46.941221] cloud-init[941]: ci-info: +-------+-------------+----------+---------------+-----------+-------+
[   46.961715] cloud-init         Starting LXD - unix socket.
[[941]: ci-info: |   0   |   0.0.0.0   | 10.0.2.2 |    0.0.0.0    |   enp0s3  |   UG  |
[   46.972856] cloud-init[941]: ci-info: |   1   |   10.0.2.0  | 0.0.0.0  | 255.255.255.0 |   enp0s3  |   U   |[0;32m  OK  [0m] Listening on ACPID Listen Socket.
[[0;32m  OK  [0m] Reached target Cloud-config availability.
[   46.986894] cloud-init
[[0;32m  OK  [0m] Reached target Network is Online.[941]: ci-info: +-------+-------------+----------+---------------+-----------+-------+

[   47.001081] cloud-init[941]: ci-info: +++++++++++++++++++Route IPv6 info+++++++++++++++++++
[   47.004037] cloud-init[941]: ci-info: +-------+-------------+---------+-----------+-------+
[   47.016647] cloud-init[941]: ci-info: | Route | Destination | Gateway | Interface | Flags |
[   47.017943] cloud-init[941]: ci-info: +-------+-------------+---------+-----------+-------+
[   47.018185] cloud-init[941]: ci-info: |   0   |  fe80::/64  |    ::   |   enp0s3  |   U   |
[   47.018426] cloud-init[941]: ci-info: |   4   |   ff00::/8  |    ::   |   enp0s3  |   U   |
[   47.018690] cloud-init[941]: ci-info: +-------+-------------+---------+-----------+-------+
[   47.020410] cloud-init[941]: Generating public/private rsa key pair.
         Starting iSCSI initiator daemon (iscsid)...
[[0;32m  OK  [0m] Listening on Socket activation for snappy daemon.
[[0;32m  OK  [0m[   47.024476] cloud-init[941]: Your identification has been saved in /etc/ssh/ssh_host_rsa_key.
[   47.136052] ] cloud-init[941]: Your public key has been saved in /etc/ssh/ssh_host_rsa_key.pub.
[   47.176672] cloud-init[941]: The key fingerprint is:
[   47.177078] cloud-init[941]: SHA256:2Sz00JsgRr1FyfvJnkVSx+glvGGKBkDj7dZ12rJ1ezE root@ubuntu-xenial
[   47.177554] cloud-init[941]: The key's randomart image is:
[   47.177785] cloud-init[941]: +---[RSA 2048]----+
[   47.178062] cloud-init[941]: |     .=o o.. . o |
[   47.178294] cloud-init[941]: |     o oo.+   B +|
[   47.178523] cloud-init[941]: |      + =+.o.=.* |
[   47.178749] cloud-init[941]: |     . +.O++o++  |
[   47.178971] cloud-init[941]: |        S.Boo+oE.|
[   47.179206] cloud-init[941]: |       . .  ++..+|
[   47.179432] cloud-init[941]: |           ..o ..|
[   47.179693] cloud-init[941]: |            o   .|
[   47.179921] cloud-init[941]: |                 |
[   47.180146] cloud-init[941]: +----[SHA256]-----+
[   47.180416] cloud-init[941]: Generating public/private dsa key pair.
[   47.180640] cloud-init[941]: Your identification has been saved in /etc/ssh/ssh_host_dsa_key.
[   47.180875] cloud-init[941]: Your public key has been saved in /etc/ssh/ssh_host_dsa_key.pub.
[   47.181106] cloud-init[941]: The key fingerprint is:
[   47.181332] cloud-init[941]: SHA256:CZ8aRYWzVEb7QvHcjRfr18JBZ2qH4qGA0iO1T4KyZ9g root@ubuntu-xenial
[   47.181575] cloud-init[941]: The key's randomart image is:
[   47.181800] cloud-init[941]: +---[DSA 1024]----+
[   47.182021] cloud-init[941]: |      . .=*   ..o|
[   47.186451] cloud-init[941]: |     + ++. = o Bo|
[   47.186878] cloud-init[941]: |  . + B.+oo = B.+|
[   47.187158] cloud-init[941]: |   = o O.= + =.+.|
[   47.187382] cloud-init[941]: |  o E . S o o o.o|
[   47.187605] cloud-init[941]: |   o   o   .   ..|
[   47.187839] cloud-init[941]: |      .          |
[   47.188062] cloud-init[941]: |                 |
[   47.188294] cloud-init[941]: |                 |
[   47.188564] cloud-init[941]: +----[SHA256]-----+
[   47.188796] cloud-init[941]: Generating public/private ecdsa key pair.
[   47.189032] cloud-init[941]: Your identification has been saved in /etc/ssh/ssh_host_ecdsa_key.
[   47.189258] cloud-init[941]: Your public key has been saved in /etc/ssh/ssh_host_ecdsa_key.pub.
[   47.189482] cloud-init[941]: The key fingerprint is:
[   47.189808] cloud-init[941]: SHA256:Fbq3d4EnnEe3vFLFeKXQ04Om0v9BIVsrdyLu2jG69Uc root@ubuntu-xenial
[   47.190035] cloud-init[941]: The key's randomart image is:
[   47.190256] cloud-init[941]: +---[ECDSA 256]---+
[   47.190481] cloud-init[941]: |          . .....|
[   47.190706] cloud-init[941]: |         . . =oBo|
[   47.190928] cloud-init[941]: |        . o o B.O|
[   47.191152] cloud-init[941]: |         + +.*o*+|
[   47.191414] cloud-init[941]: |        S o.*.B=.|
[   47.191683] cloud-init[941]: |         . ..=.oE|
[   47.191947] cloud-init[941]: |          ..=.oo.|
[   47.192206] cloud-init[941]: |           =.=...|
[   47.192472] cloud-init[941]: |          +o. .. |
[   47.192836] cloud-init[941]: +----[SHA256]-----+
[   47.193070] cloud-init[941]: Generating public/private ed25519 key pair.
[   47.193296] cloud-init[941]: Your identification has been saved in /etc/ssh/ssh_host_ed25519_key.
[   47.193521] cloud-init[941]: Your public key has been saved in /etc/ssh/ssh_host_ed25519_key.pub.
[   47.193883] cloud-init[941]: The key fingerprint is:
[   47.194107] cloud-init[941]: SHA256:oqCRba8nYtXr3GEdFb4Yo5cojyQB4XBWmmHDAfAFXZs root@ubuntu-xenial
[   47.194333] cloud-init[941]: The key's randomart image is:
[   47.194591] cloud-init[941]: +--[ED25519 256]--+
[   47.194813] cloud-init[941]: |==X=o..    .     |
[   47.195037] cloud-init[941]: |o=o*.  o  . .    |
[   47.195257] cloud-init[941]: | .+.  E  o o     |
[   47.200183] cloud-init[941]: | o  .   o * .    |
[   47.200484] cloud-init[941]: |o +..o.oS= .     |
[   47.200759] cloud-init[941]: | + +oo+.o .      |
[   47.201024] cloud-init[941]: |. . o..+ .       |
[   47.201286] cloud-init[941]: |....o.o .        |
[   47.203116] cloud-init[941]: |...o.o .         |
[   47.203559] cloud-init[941]: +----[SHA256]-----+Listening on LXD - unix socket.

[[0;32m  OK  [0m] Started iSCSI initiator daemon (iscsid).
         Starting Login to default iSCSI targets...
[[0;32m  OK  [0m] Reached target Sockets.
[[0;32m  OK  [0m] Reached target Basic System.
         Starting System Logging Service...
[[0;32m  OK  [0m] Started Deferred execution scheduler.
         Starting LSB: Record successful boot for GRUB...
         Starting LSB: MD monitoring daemon...
         Starting Accounts Service...
[[0;32m  OK  [0m] Started FUSE filesystem for LXC.
         Starting Login Service...
         Starting Snappy daemon...
         Starting LXD - container startup/shutdown...
[[0;32m  OK  [0m] Started ACPI event daemon.
[[0;32m  OK  [0m] Started D-Bus System Message Bus.
         Starting /etc/rc.local Compatibility...
         Starting Pollinate to seed the pseudo random number generator...
         Starting Virtualbox guest utils...
[[0;32m  OK  [0m] Started Regular background program processing daemon.
[[0;32m  OK  [0m] Started System Logging Service.
[[0;32m  OK  [0m] Started /etc/rc.local Compatibility.
[[0;32m  OK  [0m] Started Login Service.
[[0;32m  OK  [0m] Started Unattended Upgrades Shutdown.
         Starting Authenticate and Authorize Users to Run Privileged Tasks...
[[0;32m  OK  [0m] Started Login to default iSCSI targets.
[[0;32m  OK  [0m] Reached target Remote File Systems (Pre).
[[0;32m  OK  [0m] Reached target Remote File Systems.
         Starting LSB: Set the CPU Frequency Scaling governor to "ondemand"...
         Starting LSB: automatic crash report generation...
         Starting LSB: daemon to balance interrupts for SMP systems...
         Starting Permit User Sessions...
[[0;32m  OK  [0m] Started Authenticate and Authorize Users to Run Privileged Tasks.
[[0;32m  OK  [0m] Started LSB: MD monitoring daemon.
[[0;32m  OK  [0m] Started LXD - container startup/shutdown.
[[0;32m  OK  [0m] Started Permit User Sessions.
[[0;32m  OK  [0m] Started Accounts Service.
[[0;32m  OK  [0m] Started LSB: Record successful boot for GRUB.
         Starting Hold until boot process finishes up...
         Starting Terminate Plymouth Boot Screen...
[[0;32m  OK  [0m] Started Hold until boot process finishes up.
[[0;32m  OK  [0m] Started Terminate Plymouth Boot Screen.
         Starting Set console scheme...
[[0;32m  OK  [0m] Started Getty on tty1.
[[0;32m  OK  [0m] Started Serial Getty on ttyS0.
[[0;32m  OK  [0m] Reached target Login Prompts.
[[0;32m  OK  [0m] Started Set console scheme.
[[0;32m  OK  [0m] Started LSB: daemon to balance interrupts for SMP systems.
[[0;32m  OK  [0m] Started LSB: Set the CPU Frequency Scaling governor to "ondemand".
[[0;32m  OK  [0m] Started LSB: automatic crash report generation.
[[0;32m  OK  [0m] Started Virtualbox guest utils.
[[0;32m  OK  [0m] Started Snappy daemon.
         Starting Wait until snapd is fully seeded...
[[0;32m  OK  [0m] Started Pollinate to seed the pseudo random number generator.
         Starting OpenBSD Secure Shell server...
[[0;32m  OK  [0m] Started OpenBSD Secure Shell server.
[[0;32m  OK  [0m] Created slice User Slice of vagrant.
[[0;32m  OK  [0m] Started Session 1 of user vagrant.
         Starting User Manager for UID 1000...
[[0;32m  OK  [0m] Started User Manager for UID 1000.

Ubuntu 16.04.6 LTS ubuntu-xenial ttyS0

ubuntu-xenial login: [   66.001789] cloud-init[1376]: Generating locales (this might take a while)...
[   74.017569] cloud-init[1376]:   en_US.UTF-8... done
[   74.034065] cloud-init[1376]: Generation complete.
[   77.961368] cloud-init[1376]: Cloud-init v. 19.1-1-gbaa47854-0ubuntu1~16.04.1 running 'modules:config' at Fri, 23 Aug 2019 16:35:19 +0000. Up 64.55 seconds.
ci-info: no authorized ssh keys fingerprints found for user ubuntu.
<14>Aug 23 16:35:36 ec2: 
<14>Aug 23 16:35:36 ec2: #############################################################
<14>Aug 23 16:35:36 ec2: -----BEGIN SSH HOST KEY FINGERPRINTS-----
<14>Aug 23 16:35:36 ec2: 1024 SHA256:CZ8aRYWzVEb7QvHcjRfr18JBZ2qH4qGA0iO1T4KyZ9g root@ubuntu-xenial (DSA)
<14>Aug 23 16:35:36 ec2: 256 SHA256:Fbq3d4EnnEe3vFLFeKXQ04Om0v9BIVsrdyLu2jG69Uc root@ubuntu-xenial (ECDSA)
<14>Aug 23 16:35:36 ec2: 256 SHA256:oqCRba8nYtXr3GEdFb4Yo5cojyQB4XBWmmHDAfAFXZs root@ubuntu-xenial (ED25519)
<14>Aug 23 16:35:36 ec2: 2048 SHA256:2Sz00JsgRr1FyfvJnkVSx+glvGGKBkDj7dZ12rJ1ezE root@ubuntu-xenial (RSA)
<14>Aug 23 16:35:36 ec2: -----END SSH HOST KEY FINGERPRINTS-----
<14>Aug 23 16:35:36 ec2: #############################################################
-----BEGIN SSH HOST KEY KEYS-----
ecdsa-sha2-nistp256 AAAAE2VjZHNhLXNoYTItbmlzdHAyNTYAAAAIbmlzdHAyNTYAAABBBAd6R/ZGrmFJi3nh01gYVV1ddeKTgIcAHe7sDAZFY85ymCoWZPSKTESEh5Q7RQh3COq2gI990pB6q4z6c6bd/JE= root@ubuntu-xenial
ssh-ed25519 AAAAC3NzaC1lZDI1NTE5AAAAINhwNWldRzx2LgomP7xZsb2CuALZNUrQRrCufAcwUZ45 root@ubuntu-xenial
ssh-rsa AAAAB3NzaC1yc2EAAAADAQABAAABAQDIQVnxKgmOi5BEzDigqV9hMR2ot5zRgGQS+/MiiOiGD5NYkr9B8S7nTWw0PPFoRW85VeQPqNsNLyMPOP7w/bNGRtLYMFGRXG1Bd9ZDXMCptySRiwHst4M89guJZt5dBPselZTa3fbTIK+LVb2Gh7GD/MruJk1iiXQEiAFHutWhgTJKe8y4G7JtmyLBbDvP1uib/Do2xRkSGVjyAbf/c6dmyjdCcej3V75EcpmObyW+7zfSVomtc4bnfm+uJp9G8rza9m2e3B0WXGQuGR2o38Voa1vyJtZBIBhvMK9jOHo6Qbf+PSW6OOgK5dzhy0u0tjhCcTMih/DM4Ob+I0bOlCPX root@ubuntu-xenial
-----END SSH HOST KEY KEYS-----
[   81.703332] cloud-init[1584]: Cloud-init v. 19.1-1-gbaa47854-0ubuntu1~16.04.1 running 'modules:final' at Fri, 23 Aug 2019 16:35:35 +0000. Up 80.53 seconds.
[   81.704786] cloud-init[1584]: ci-info: no authorized ssh keys fingerprints found for user ubuntu.
[   81.705598] cloud-init[1584]: Cloud-init v. 19.1-1-gbaa47854-0ubuntu1~16.04.1 finished at Fri, 23 Aug 2019 16:35:36 +0000. Datasource DataSourceNoCloud [seed=/dev/sdb][dsmode=net].  Up 81.58 seconds
